[Sat Apr 26 23:40:31.985519 2025] [authz_core:debug] [pid 28316:tid 1936] mod_authz_core.c(815): [client 127.0.0.1:59492] AH01626: authorization result of Require local : granted
[Sat Apr 26 23:40:31.985519 2025] [authz_core:debug] [pid 28316:tid 1936] mod_authz_core.c(815): [client 127.0.0.1:59492] AH01626: authorization result of <RequireAny>: granted
[Sat Apr 26 23:40:31.987527 2025] [ssl:info] [pid 28316:tid 1968] [client 127.0.0.1:59552] AH01964: Connection to child 6 established (server www.example.com:443)
[Sat Apr 26 23:40:31.987527 2025] [ssl:debug] [pid 28316:tid 1932] ssl_engine_kernel.c(2254): [client 127.0.0.1:59551] AH02041: Protocol: TLSv1.3, Cipher: TLS_AES_256_GCM_SHA384 (256/256 bits)
[Sat Apr 26 23:40:31.989525 2025] [socache_shmcb:debug] [pid 28316:tid 1932] mod_socache_shmcb.c(508): AH00831: socache_shmcb_store (0x7f -> subcache 31)
[Sat Apr 26 23:40:31.989525 2025] [socache_shmcb:debug] [pid 28316:tid 1932] mod_socache_shmcb.c(862): AH00847: insert happened at idx=0, data=(0:32)
[Sat Apr 26 23:40:31.989525 2025] [socache_shmcb:debug] [pid 28316:tid 1932] mod_socache_shmcb.c(865): AH00848: finished insert, subcache: idx_pos/idx_used=0/1, data_pos/data_used=0/205
[Sat Apr 26 23:40:31.989525 2025] [socache_shmcb:debug] [pid 28316:tid 1932] mod_socache_shmcb.c(530): AH00834: leaving socache_shmcb_store successfully
[Sat Apr 26 23:40:31.990520 2025] [ssl:debug] [pid 28316:tid 1932] ssl_engine_kernel.c(415): [client 127.0.0.1:59551] AH02034: Initial (No.1) HTTPS request received for child 16 (server www.example.com:443)
[Sat Apr 26 23:40:31.990520 2025] [ssl:debug] [pid 28316:tid 1968] ssl_engine_kernel.c(2403): [client 127.0.0.1:59552] AH02044: No matching SSL virtual host for servername localhost found (using default/first virtual host)
[Sat Apr 26 23:40:31.991520 2025] [core:debug] [pid 28316:tid 1968] protocol.c(2460): [client 127.0.0.1:59552] AH03155: select protocol from , choices=h2,http/1.1 for server www.example.com
[Sat Apr 26 23:40:31.993519 2025] [ssl:debug] [pid 28316:tid 1968] ssl_engine_kernel.c(2254): [client 127.0.0.1:59552] AH02041: Protocol: TLSv1.3, Cipher: TLS_AES_256_GCM_SHA384 (256/256 bits)
[Sat Apr 26 23:40:31.994520 2025] [socache_shmcb:debug] [pid 28316:tid 1968] mod_socache_shmcb.c(508): AH00831: socache_shmcb_store (0x21 -> subcache 1)
[Sat Apr 26 23:40:31.994520 2025] [socache_shmcb:debug] [pid 28316:tid 1968] mod_socache_shmcb.c(862): AH00847: insert happened at idx=0, data=(0:32)
[Sat Apr 26 23:40:31.994520 2025] [socache_shmcb:debug] [pid 28316:tid 1968] mod_socache_shmcb.c(865): AH00848: finished insert, subcache: idx_pos/idx_used=0/1, data_pos/data_used=0/206
[Sat Apr 26 23:40:31.994520 2025] [socache_shmcb:debug] [pid 28316:tid 1968] mod_socache_shmcb.c(530): AH00834: leaving socache_shmcb_store successfully
[Sat Apr 26 23:40:31.994520 2025] [authz_core:debug] [pid 28316:tid 1932] mod_authz_core.c(815): [client 127.0.0.1:59551] AH01626: authorization result of Require local : granted
[Sat Apr 26 23:40:31.994520 2025] [authz_core:debug] [pid 28316:tid 1932] mod_authz_core.c(815): [client 127.0.0.1:59551] AH01626: authorization result of <RequireAny>: granted
[Sat Apr 26 23:40:31.994520 2025] [ssl:debug] [pid 28316:tid 1968] ssl_engine_kernel.c(415): [client 127.0.0.1:59552] AH02034: Initial (No.1) HTTPS request received for child 6 (server www.example.com:443)
[Sat Apr 26 23:40:31.999037 2025] [authz_core:debug] [pid 28316:tid 1968] mod_authz_core.c(815): [client 127.0.0.1:59552] AH01626: authorization result of Require local : granted
[Sat Apr 26 23:40:31.999037 2025] [authz_core:debug] [pid 28316:tid 1968] mod_authz_core.c(815): [client 127.0.0.1:59552] AH01626: authorization result of <RequireAny>: granted
[Sat Apr 26 23:40:32.287949 2025] [ssl:debug] [pid 28316:tid 1936] ssl_engine_kernel.c(415): [client 127.0.0.1:59492] AH02034: Subsequent (No.5) HTTPS request received for child 66 (server www.example.com:443)
[Sat Apr 26 23:40:32.289944 2025] [authz_core:debug] [pid 28316:tid 1936] mod_authz_core.c(815): [client 127.0.0.1:59492] AH01626: authorization result of Require local : granted
[Sat Apr 26 23:40:32.289944 2025] [authz_core:debug] [pid 28316:tid 1936] mod_authz_core.c(815): [client 127.0.0.1:59492] AH01626: authorization result of <RequireAny>: granted
[Sat Apr 26 23:40:32.304461 2025] [ssl:debug] [pid 28316:tid 1968] ssl_engine_kernel.c(415): [client 127.0.0.1:59552] AH02034: Subsequent (No.2) HTTPS request received for child 6 (server www.example.com:443), referer: https://localhost/phpmyadmin/themes/pmahomme/css/theme.css?v=5.2.1
[Sat Apr 26 23:40:32.307459 2025] [authz_core:debug] [pid 28316:tid 1968] mod_authz_core.c(815): [client 127.0.0.1:59552] AH01626: authorization result of Require local : granted, referer: https://localhost/phpmyadmin/themes/pmahomme/css/theme.css?v=5.2.1
[Sat Apr 26 23:40:32.307459 2025] [authz_core:debug] [pid 28316:tid 1968] mod_authz_core.c(815): [client 127.0.0.1:59552] AH01626: authorization result of <RequireAny>: granted, referer: https://localhost/phpmyadmin/themes/pmahomme/css/theme.css?v=5.2.1
[Sat Apr 26 23:40:33.098516 2025] [ssl:debug] [pid 28316:tid 1968] ssl_engine_kernel.c(415): [client 127.0.0.1:59552] AH02034: Subsequent (No.3) HTTPS request received for child 6 (server www.example.com:443)
[Sat Apr 26 23:40:33.100918 2025] [authz_core:debug] [pid 28316:tid 1968] mod_authz_core.c(815): [client 127.0.0.1:59552] AH01626: authorization result of Require local : granted
[Sat Apr 26 23:40:33.100918 2025] [authz_core:debug] [pid 28316:tid 1968] mod_authz_core.c(815): [client 127.0.0.1:59552] AH01626: authorization result of <RequireAny>: granted
[Sat Apr 26 23:40:33.648244 2025] [ssl:debug] [pid 28316:tid 1932] ssl_engine_kernel.c(415): [client 127.0.0.1:59551] AH02034: Subsequent (No.2) HTTPS request received for child 16 (server www.example.com:443)
[Sat Apr 26 23:40:33.650241 2025] [authz_core:debug] [pid 28316:tid 1932] mod_authz_core.c(815): [client 127.0.0.1:59551] AH01626: authorization result of Require local : granted
[Sat Apr 26 23:40:33.650241 2025] [authz_core:debug] [pid 28316:tid 1932] mod_authz_core.c(815): [client 127.0.0.1:59551] AH01626: authorization result of <RequireAny>: granted
[Sat Apr 26 23:40:35.458680 2025] [ssl:debug] [pid 28316:tid 1968] ssl_engine_kernel.c(415): [client 127.0.0.1:59552] AH02034: Subsequent (No.4) HTTPS request received for child 6 (server www.example.com:443)
[Sat Apr 26 23:40:35.460680 2025] [authz_core:debug] [pid 28316:tid 1968] mod_authz_core.c(815): [client 127.0.0.1:59552] AH01626: authorization result of Require local : granted
[Sat Apr 26 23:40:35.460680 2025] [authz_core:debug] [pid 28316:tid 1968] mod_authz_core.c(815): [client 127.0.0.1:59552] AH01626: authorization result of <RequireAny>: granted
[Sat Apr 26 23:40:37.616826 2025] [ssl:debug] [pid 28316:tid 1920] ssl_engine_io.c(1147): [client 127.0.0.1:59514] AH02001: Connection closed to child 145 with standard shutdown (server www.example.com:443)
[Sat Apr 26 23:40:37.917583 2025] [ssl:debug] [pid 28316:tid 1936] ssl_engine_io.c(1147): [client 127.0.0.1:59492] AH02001: Connection closed to child 66 with standard shutdown (server www.example.com:443)
[Sat Apr 26 23:40:37.976719 2025] [ssl:debug] [pid 28316:tid 1968] ssl_engine_kernel.c(415): [client 127.0.0.1:59552] AH02034: Subsequent (No.5) HTTPS request received for child 6 (server www.example.com:443)
[Sat Apr 26 23:40:37.978707 2025] [authz_core:debug] [pid 28316:tid 1968] mod_authz_core.c(815): [client 127.0.0.1:59552] AH01626: authorization result of Require local : granted
[Sat Apr 26 23:40:37.978707 2025] [authz_core:debug] [pid 28316:tid 1968] mod_authz_core.c(815): [client 127.0.0.1:59552] AH01626: authorization result of <RequireAny>: granted
[Sat Apr 26 23:40:39.261264 2025] [ssl:debug] [pid 28316:tid 1932] ssl_engine_io.c(1147): [client 127.0.0.1:59551] AH02001: Connection closed to child 16 with standard shutdown (server www.example.com:443)
[Sat Apr 26 23:40:39.393150 2025] [ssl:debug] [pid 28316:tid 1968] ssl_engine_kernel.c(415): [client 127.0.0.1:59552] AH02034: Subsequent (No.6) HTTPS request received for child 6 (server www.example.com:443)
[Sat Apr 26 23:40:39.395159 2025] [authz_core:debug] [pid 28316:tid 1968] mod_authz_core.c(815): [client 127.0.0.1:59552] AH01626: authorization result of Require local : granted
[Sat Apr 26 23:40:39.395159 2025] [authz_core:debug] [pid 28316:tid 1968] mod_authz_core.c(815): [client 127.0.0.1:59552] AH01626: authorization result of <RequireAny>: granted
[Sat Apr 26 23:40:40.019306 2025] [ssl:debug] [pid 28316:tid 1968] ssl_engine_kernel.c(415): [client 127.0.0.1:59552] AH02034: Subsequent (No.7) HTTPS request received for child 6 (server www.example.com:443)
[Sat Apr 26 23:40:40.022310 2025] [authz_core:debug] [pid 28316:tid 1968] mod_authz_core.c(815): [client 127.0.0.1:59552] AH01626: authorization result of Require local : granted
[Sat Apr 26 23:40:40.022310 2025] [authz_core:debug] [pid 28316:tid 1968] mod_authz_core.c(815): [client 127.0.0.1:59552] AH01626: authorization result of <RequireAny>: granted
[Sat Apr 26 23:40:41.271341 2025] [ssl:debug] [pid 28316:tid 1968] ssl_engine_kernel.c(415): [client 127.0.0.1:59552] AH02034: Subsequent (No.8) HTTPS request received for child 6 (server www.example.com:443)
[Sat Apr 26 23:40:41.273350 2025] [authz_core:debug] [pid 28316:tid 1968] mod_authz_core.c(815): [client 127.0.0.1:59552] AH01626: authorization result of Require local : granted
[Sat Apr 26 23:40:41.273350 2025] [authz_core:debug] [pid 28316:tid 1968] mod_authz_core.c(815): [client 127.0.0.1:59552] AH01626: authorization result of <RequireAny>: granted
[Sat Apr 26 23:40:42.512156 2025] [ssl:debug] [pid 28316:tid 1968] ssl_engine_kernel.c(415): [client 127.0.0.1:59552] AH02034: Subsequent (No.9) HTTPS request received for child 6 (server www.example.com:443)
[Sat Apr 26 23:40:42.513155 2025] [authz_core:debug] [pid 28316:tid 1968] mod_authz_core.c(815): [client 127.0.0.1:59552] AH01626: authorization result of Require local : granted
[Sat Apr 26 23:40:42.514156 2025] [authz_core:debug] [pid 28316:tid 1968] mod_authz_core.c(815): [client 127.0.0.1:59552] AH01626: authorization result of <RequireAny>: granted
[Sat Apr 26 23:40:43.169617 2025] [ssl:debug] [pid 28316:tid 1968] ssl_engine_kernel.c(415): [client 127.0.0.1:59552] AH02034: Subsequent (No.10) HTTPS request received for child 6 (server www.example.com:443)
[Sat Apr 26 23:40:43.171621 2025] [authz_core:debug] [pid 28316:tid 1968] mod_authz_core.c(815): [client 127.0.0.1:59552] AH01626: authorization result of Require local : granted
[Sat Apr 26 23:40:43.171621 2025] [authz_core:debug] [pid 28316:tid 1968] mod_authz_core.c(815): [client 127.0.0.1:59552] AH01626: authorization result of <RequireAny>: granted
[Sat Apr 26 23:40:48.566728 2025] [ssl:debug] [pid 28316:tid 1968] ssl_engine_io.c(1147): [client 127.0.0.1:59552] AH02001: Connection closed to child 6 with standard shutdown (server www.example.com:443)
[Sat Apr 26 23:40:49.555705 2025] [authz_core:debug] [pid 28316:tid 1968] mod_authz_core.c(815): [client 41.186.173.127:59750] AH01626: authorization result of Require all granted: granted
[Sat Apr 26 23:40:49.555705 2025] [authz_core:debug] [pid 28316:tid 1968] mod_authz_core.c(815): [client 41.186.173.127:59750] AH01626: authorization result of <RequireAny>: granted
[Sat Apr 26 23:40:49.556711 2025] [authz_core:debug] [pid 28316:tid 1968] mod_authz_core.c(815): [client 41.186.173.127:59750] AH01626: authorization result of Require all granted: granted
[Sat Apr 26 23:40:49.556711 2025] [authz_core:debug] [pid 28316:tid 1968] mod_authz_core.c(815): [client 41.186.173.127:59750] AH01626: authorization result of <RequireAny>: granted
[Sat Apr 26 23:40:49.911544 2025] [core:debug] [pid 28316:tid 1932] protocol.c(511): NULL bytes in header (98 bytes)
[Sat Apr 26 23:40:49.911544 2025] [core:debug] [pid 28316:tid 1932] protocol.c(511): ....O...K....#d. 160301074f0100074b03031c822364f0
[Sat Apr 26 23:40:49.911544 2025] [core:debug] [pid 28316:tid 1932] protocol.c(511): ......x......#.- fb911edaecd278bed380ce829123e62d
[Sat Apr 26 23:40:49.911544 2025] [core:debug] [pid 28316:tid 1932] protocol.c(511): k5.K..S.... v... 6b35bf4bb6e9539b9bddcd2076f81b7f
[Sat Apr 26 23:40:49.911544 2025] [core:debug] [pid 28316:tid 1932] protocol.c(511): oj.....)..:...>$ 6f6afb19f3dfb129e7ba3a088a1b3e24
[Sat Apr 26 23:40:49.911544 2025] [core:debug] [pid 28316:tid 1932] protocol.c(511): Q........#...".. 51bcf1b0fbb19aed882300cd00221301
[Sat Apr 26 23:40:49.911544 2025] [core:debug] [pid 28316:tid 1932] protocol.c(511): .....+./.....,.0 13031302c02bc02fcca9cca8c02cc030
[Sat Apr 26 23:40:49.911544 2025] [core:debug] [pid 28316:tid 1932] protocol.c(511): ..               c00a                            
[Sat Apr 26 23:40:49.911544 2025] [core:debug] [pid 28316:tid 1932] protocol.c(1449): [client 41.186.173.127:59753] AH00566: request failed: malformed request line
[Sat Apr 26 23:40:49.937049 2025] [core:debug] [pid 28316:tid 1932] protocol.c(511): NULL bytes in header (50 bytes)
[Sat Apr 26 23:40:49.937049 2025] [core:debug] [pid 28316:tid 1932] protocol.c(511): ....~...z.....>. 160301027e0100027a0303e0188f3ef5
[Sat Apr 26 23:40:49.937049 2025] [core:debug] [pid 28316:tid 1932] protocol.c(511): ....b..... &...0 f6fa00e462dacbe3dc012026eed41c30
[Sat Apr 26 23:40:49.937049 2025] [core:debug] [pid 28316:tid 1932] protocol.c(511): k.7......Ar :R.. 6b1837eca095ac08c74172203a52e11f
[Sat Apr 26 23:40:49.937049 2025] [core:debug] [pid 28316:tid 1932] protocol.c(511): ..               140a                            
[Sat Apr 26 23:40:49.937049 2025] [core:debug] [pid 28316:tid 1932] protocol.c(1449): [client 41.186.173.127:59754] AH00566: request failed: malformed request line
[Sat Apr 26 23:40:52.912292 2025] [authz_core:debug] [pid 28316:tid 1968] mod_authz_core.c(815): [client 41.186.173.127:59750] AH01626: authorization result of Require all granted: granted
[Sat Apr 26 23:40:52.912292 2025] [authz_core:debug] [pid 28316:tid 1968] mod_authz_core.c(815): [client 41.186.173.127:59750] AH01626: authorization result of <RequireAny>: granted
[Sat Apr 26 23:40:52.913290 2025] [authz_core:debug] [pid 28316:tid 1968] mod_authz_core.c(815): [client 41.186.173.127:59750] AH01626: authorization result of Require all granted: granted
[Sat Apr 26 23:40:52.913290 2025] [authz_core:debug] [pid 28316:tid 1968] mod_authz_core.c(815): [client 41.186.173.127:59750] AH01626: authorization result of <RequireAny>: granted
[Sat Apr 26 23:40:52.922292 2025] [php:error] [pid 28316:tid 1968] [client 41.186.173.127:59750] PHP Fatal error:  Uncaught mysqli_sql_exception: Can't create database 'mfa'; database exists in C:\\xampp\\htdocs\\mfa\\seeder\\seeder.php:17\nStack trace:\n#0 C:\\xampp\\htdocs\\mfa\\seeder\\seeder.php(17): mysqli_query(Object(mysqli), 'CREATE database...')\n#1 C:\\xampp\\htdocs\\mfa\\index.php(28): require_once('C:\\\\xampp\\\\htdocs...')\n#2 {main}\n  thrown in C:\\xampp\\htdocs\\mfa\\seeder\\seeder.php on line 17
[Sat Apr 26 23:40:53.203920 2025] [core:debug] [pid 28316:tid 1932] protocol.c(511): NULL bytes in header (43 bytes)
[Sat Apr 26 23:40:53.203920 2025] [core:debug] [pid 28316:tid 1932] protocol.c(511): ....O...K..{.KB. 160301074f0100074b03037b9d4b42cd
[Sat Apr 26 23:40:53.203920 2025] [core:debug] [pid 28316:tid 1932] protocol.c(511): rw..[7....w.S<.. 7277bae65b37c50cf0bd7713533cb8e3
[Sat Apr 26 23:40:53.203920 2025] [core:debug] [pid 28316:tid 1932] protocol.c(511): ...4.K.l.Q.      ebbfc434cd4bb16cfd510a          
[Sat Apr 26 23:40:53.203920 2025] [core:debug] [pid 28316:tid 1932] protocol.c(1449): [client 41.186.173.127:59784] AH00566: request failed: malformed request line
[Sat Apr 26 23:40:53.228543 2025] [core:debug] [pid 28316:tid 1932] protocol.c(511): NULL bytes in header (98 bytes)
[Sat Apr 26 23:40:53.228543 2025] [core:debug] [pid 28316:tid 1932] protocol.c(511): ....~...z..f.e.. 160301027e0100027a030366a365bbd4
[Sat Apr 26 23:40:53.228543 2025] [core:debug] [pid 28316:tid 1932] protocol.c(511): ..2.o3..).^.a... cade32026f33d10029835e0f6181d000
[Sat Apr 26 23:40:53.228543 2025] [core:debug] [pid 28316:tid 1932] protocol.c(511): ........WG. .c.. a1dbc8d41a0efc1b5747e920c063c883
[Sat Apr 26 23:40:53.228543 2025] [core:debug] [pid 28316:tid 1932] protocol.c(511): W!.13.....R.. .q 5721ff3133a2d5a6a6cf52b0bf20a171
[Sat Apr 26 23:40:53.228543 2025] [core:debug] [pid 28316:tid 1932] protocol.c(511): q.........fO.".. 7112edb589a3b1adc81f664f00221301
[Sat Apr 26 23:40:53.228543 2025] [core:debug] [pid 28316:tid 1932] protocol.c(511): .....+./.....,.0 13031302c02bc02fcca9cca8c02cc030
[Sat Apr 26 23:40:53.228543 2025] [core:debug] [pid 28316:tid 1932] protocol.c(511): ..               c00a                            
[Sat Apr 26 23:40:53.228543 2025] [core:debug] [pid 28316:tid 1932] protocol.c(1449): [client 41.186.173.127:59785] AH00566: request failed: malformed request line
[Sat Apr 26 23:40:57.232709 2025] [ssl:info] [pid 28316:tid 1932] [client 127.0.0.1:59824] AH01964: Connection to child 16 established (server www.example.com:443)
[Sat Apr 26 23:40:57.233718 2025] [ssl:debug] [pid 28316:tid 1932] ssl_engine_kernel.c(2403): [client 127.0.0.1:59824] AH02044: No matching SSL virtual host for servername localhost found (using default/first virtual host)
[Sat Apr 26 23:40:57.233718 2025] [core:debug] [pid 28316:tid 1932] protocol.c(2460): [client 127.0.0.1:59824] AH03155: select protocol from , choices=h2,http/1.1 for server www.example.com
[Sat Apr 26 23:40:57.236717 2025] [ssl:debug] [pid 28316:tid 1932] ssl_engine_kernel.c(2254): [client 127.0.0.1:59824] AH02041: Protocol: TLSv1.3, Cipher: TLS_AES_256_GCM_SHA384 (256/256 bits)
[Sat Apr 26 23:40:57.236717 2025] [socache_shmcb:debug] [pid 28316:tid 1932] mod_socache_shmcb.c(508): AH00831: socache_shmcb_store (0xa1 -> subcache 1)
[Sat Apr 26 23:40:57.236717 2025] [socache_shmcb:debug] [pid 28316:tid 1932] mod_socache_shmcb.c(862): AH00847: insert happened at idx=1, data=(206:238)
[Sat Apr 26 23:40:57.236717 2025] [socache_shmcb:debug] [pid 28316:tid 1932] mod_socache_shmcb.c(865): AH00848: finished insert, subcache: idx_pos/idx_used=0/2, data_pos/data_used=0/411
[Sat Apr 26 23:40:57.236717 2025] [socache_shmcb:debug] [pid 28316:tid 1932] mod_socache_shmcb.c(530): AH00834: leaving socache_shmcb_store successfully
[Sat Apr 26 23:40:57.268706 2025] [ssl:debug] [pid 28316:tid 1932] ssl_engine_kernel.c(415): [client 127.0.0.1:59824] AH02034: Initial (No.1) HTTPS request received for child 16 (server www.example.com:443)
[Sat Apr 26 23:40:57.270709 2025] [authz_core:debug] [pid 28316:tid 1932] mod_authz_core.c(815): [client 127.0.0.1:59824] AH01626: authorization result of Require local : granted
[Sat Apr 26 23:40:57.270709 2025] [authz_core:debug] [pid 28316:tid 1932] mod_authz_core.c(815): [client 127.0.0.1:59824] AH01626: authorization result of <RequireAny>: granted
[Sat Apr 26 23:40:58.859387 2025] [ssl:debug] [pid 28316:tid 1932] ssl_engine_kernel.c(415): [client 127.0.0.1:59824] AH02034: Subsequent (No.2) HTTPS request received for child 16 (server www.example.com:443)
[Sat Apr 26 23:40:58.860390 2025] [authz_core:debug] [pid 28316:tid 1932] mod_authz_core.c(815): [client 127.0.0.1:59824] AH01626: authorization result of Require local : granted
[Sat Apr 26 23:40:58.860390 2025] [authz_core:debug] [pid 28316:tid 1932] mod_authz_core.c(815): [client 127.0.0.1:59824] AH01626: authorization result of <RequireAny>: granted
[Sat Apr 26 23:40:58.860390 2025] [ssl:info] [pid 28316:tid 1968] [client 127.0.0.1:59845] AH01964: Connection to child 6 established (server www.example.com:443)
[Sat Apr 26 23:40:58.863387 2025] [ssl:debug] [pid 28316:tid 1968] ssl_engine_kernel.c(2403): [client 127.0.0.1:59845] AH02044: No matching SSL virtual host for servername localhost found (using default/first virtual host)
[Sat Apr 26 23:40:58.863387 2025] [core:debug] [pid 28316:tid 1968] protocol.c(2460): [client 127.0.0.1:59845] AH03155: select protocol from , choices=h2,http/1.1 for server www.example.com
[Sat Apr 26 23:40:58.865389 2025] [ssl:info] [pid 28316:tid 1936] [client 127.0.0.1:59846] AH01964: Connection to child 66 established (server www.example.com:443)
[Sat Apr 26 23:40:58.867388 2025] [ssl:debug] [pid 28316:tid 1968] ssl_engine_kernel.c(2254): [client 127.0.0.1:59845] AH02041: Protocol: TLSv1.3, Cipher: TLS_AES_256_GCM_SHA384 (256/256 bits)
[Sat Apr 26 23:40:58.867388 2025] [socache_shmcb:debug] [pid 28316:tid 1968] mod_socache_shmcb.c(508): AH00831: socache_shmcb_store (0x76 -> subcache 22)
[Sat Apr 26 23:40:58.867388 2025] [socache_shmcb:debug] [pid 28316:tid 1968] mod_socache_shmcb.c(745): AH00842: expiring 1 and reclaiming 0 removed socache entries
[Sat Apr 26 23:40:58.867388 2025] [socache_shmcb:debug] [pid 28316:tid 1968] mod_socache_shmcb.c(765): AH00843: we now have 0 socache entries
[Sat Apr 26 23:40:58.867388 2025] [socache_shmcb:debug] [pid 28316:tid 1968] mod_socache_shmcb.c(862): AH00847: insert happened at idx=0, data=(0:32)
[Sat Apr 26 23:40:58.867388 2025] [socache_shmcb:debug] [pid 28316:tid 1968] mod_socache_shmcb.c(865): AH00848: finished insert, subcache: idx_pos/idx_used=0/1, data_pos/data_used=0/205
[Sat Apr 26 23:40:58.867388 2025] [socache_shmcb:debug] [pid 28316:tid 1968] mod_socache_shmcb.c(530): AH00834: leaving socache_shmcb_store successfully
[Sat Apr 26 23:40:58.871389 2025] [ssl:debug] [pid 28316:tid 1936] ssl_engine_kernel.c(2403): [client 127.0.0.1:59846] AH02044: No matching SSL virtual host for servername localhost found (using default/first virtual host)
[Sat Apr 26 23:40:58.871389 2025] [core:debug] [pid 28316:tid 1936] protocol.c(2460): [client 127.0.0.1:59846] AH03155: select protocol from , choices=h2,http/1.1 for server www.example.com
[Sat Apr 26 23:40:58.872390 2025] [ssl:info] [pid 28316:tid 1920] [client 127.0.0.1:59847] AH01964: Connection to child 145 established (server www.example.com:443)
[Sat Apr 26 23:40:58.873392 2025] [ssl:info] [pid 28316:tid 1924] [client 127.0.0.1:59848] AH01964: Connection to child 146 established (server www.example.com:443)
[Sat Apr 26 23:40:58.873392 2025] [ssl:info] [pid 28316:tid 1928] [client 127.0.0.1:59849] AH01964: Connection to child 64 established (server www.example.com:443)
[Sat Apr 26 23:40:58.875388 2025] [ssl:debug] [pid 28316:tid 1936] ssl_engine_kernel.c(2254): [client 127.0.0.1:59846] AH02041: Protocol: TLSv1.3, Cipher: TLS_AES_256_GCM_SHA384 (256/256 bits)
[Sat Apr 26 23:40:58.875388 2025] [socache_shmcb:debug] [pid 28316:tid 1936] mod_socache_shmcb.c(508): AH00831: socache_shmcb_store (0x0f -> subcache 15)
[Sat Apr 26 23:40:58.876388 2025] [socache_shmcb:debug] [pid 28316:tid 1936] mod_socache_shmcb.c(862): AH00847: insert happened at idx=0, data=(0:32)
[Sat Apr 26 23:40:58.876388 2025] [socache_shmcb:debug] [pid 28316:tid 1936] mod_socache_shmcb.c(865): AH00848: finished insert, subcache: idx_pos/idx_used=0/1, data_pos/data_used=0/206
[Sat Apr 26 23:40:58.876388 2025] [socache_shmcb:debug] [pid 28316:tid 1936] mod_socache_shmcb.c(530): AH00834: leaving socache_shmcb_store successfully
[Sat Apr 26 23:40:58.876388 2025] [ssl:debug] [pid 28316:tid 1928] ssl_engine_kernel.c(2403): [client 127.0.0.1:59849] AH02044: No matching SSL virtual host for servername localhost found (using default/first virtual host)
[Sat Apr 26 23:40:58.876388 2025] [core:debug] [pid 28316:tid 1928] protocol.c(2460): [client 127.0.0.1:59849] AH03155: select protocol from , choices=h2,http/1.1 for server www.example.com
[Sat Apr 26 23:40:58.877388 2025] [ssl:debug] [pid 28316:tid 1924] ssl_engine_kernel.c(2403): [client 127.0.0.1:59848] AH02044: No matching SSL virtual host for servername localhost found (using default/first virtual host)
[Sat Apr 26 23:40:58.877388 2025] [core:debug] [pid 28316:tid 1924] protocol.c(2460): [client 127.0.0.1:59848] AH03155: select protocol from , choices=h2,http/1.1 for server www.example.com
[Sat Apr 26 23:40:58.877388 2025] [ssl:debug] [pid 28316:tid 1920] ssl_engine_kernel.c(2403): [client 127.0.0.1:59847] AH02044: No matching SSL virtual host for servername localhost found (using default/first virtual host)
[Sat Apr 26 23:40:58.877388 2025] [core:debug] [pid 28316:tid 1920] protocol.c(2460): [client 127.0.0.1:59847] AH03155: select protocol from , choices=h2,http/1.1 for server www.example.com
[Sat Apr 26 23:40:58.891386 2025] [ssl:debug] [pid 28316:tid 1968] ssl_engine_kernel.c(415): [client 127.0.0.1:59845] AH02034: Initial (No.1) HTTPS request received for child 6 (server www.example.com:443)
[Sat Apr 26 23:40:58.892386 2025] [ssl:debug] [pid 28316:tid 1936] ssl_engine_kernel.c(415): [client 127.0.0.1:59846] AH02034: Initial (No.1) HTTPS request received for child 66 (server www.example.com:443)
[Sat Apr 26 23:40:58.893387 2025] [ssl:debug] [pid 28316:tid 1928] ssl_engine_kernel.c(2254): [client 127.0.0.1:59849] AH02041: Protocol: TLSv1.3, Cipher: TLS_AES_256_GCM_SHA384 (256/256 bits)
[Sat Apr 26 23:40:58.893387 2025] [socache_shmcb:debug] [pid 28316:tid 1928] mod_socache_shmcb.c(508): AH00831: socache_shmcb_store (0xcf -> subcache 15)
[Sat Apr 26 23:40:58.893387 2025] [socache_shmcb:debug] [pid 28316:tid 1928] mod_socache_shmcb.c(862): AH00847: insert happened at idx=1, data=(206:238)
[Sat Apr 26 23:40:58.893387 2025] [socache_shmcb:debug] [pid 28316:tid 1928] mod_socache_shmcb.c(865): AH00848: finished insert, subcache: idx_pos/idx_used=0/2, data_pos/data_used=0/412
[Sat Apr 26 23:40:58.893387 2025] [socache_shmcb:debug] [pid 28316:tid 1928] mod_socache_shmcb.c(530): AH00834: leaving socache_shmcb_store successfully
[Sat Apr 26 23:40:58.893387 2025] [authz_core:debug] [pid 28316:tid 1968] mod_authz_core.c(815): [client 127.0.0.1:59845] AH01626: authorization result of Require local : granted
[Sat Apr 26 23:40:58.893387 2025] [authz_core:debug] [pid 28316:tid 1968] mod_authz_core.c(815): [client 127.0.0.1:59845] AH01626: authorization result of <RequireAny>: granted
[Sat Apr 26 23:40:58.893387 2025] [socache_shmcb:debug] [pid 28316:tid 1928] mod_socache_shmcb.c(508): AH00831: socache_shmcb_store (0x9a -> subcache 26)
[Sat Apr 26 23:40:58.893387 2025] [socache_shmcb:debug] [pid 28316:tid 1928] mod_socache_shmcb.c(862): AH00847: insert happened at idx=0, data=(0:32)
[Sat Apr 26 23:40:58.893387 2025] [socache_shmcb:debug] [pid 28316:tid 1928] mod_socache_shmcb.c(865): AH00848: finished insert, subcache: idx_pos/idx_used=0/1, data_pos/data_used=0/205
[Sat Apr 26 23:40:58.893387 2025] [socache_shmcb:debug] [pid 28316:tid 1928] mod_socache_shmcb.c(530): AH00834: leaving socache_shmcb_store successfully
[Sat Apr 26 23:40:58.893387 2025] [authz_core:debug] [pid 28316:tid 1936] mod_authz_core.c(815): [client 127.0.0.1:59846] AH01626: authorization result of Require local : granted
[Sat Apr 26 23:40:58.893387 2025] [authz_core:debug] [pid 28316:tid 1936] mod_authz_core.c(815): [client 127.0.0.1:59846] AH01626: authorization result of <RequireAny>: granted
[Sat Apr 26 23:40:58.894388 2025] [ssl:debug] [pid 28316:tid 1924] ssl_engine_kernel.c(2254): [client 127.0.0.1:59848] AH02041: Protocol: TLSv1.3, Cipher: TLS_AES_256_GCM_SHA384 (256/256 bits)
[Sat Apr 26 23:40:58.894388 2025] [socache_shmcb:debug] [pid 28316:tid 1924] mod_socache_shmcb.c(508): AH00831: socache_shmcb_store (0x0c -> subcache 12)
[Sat Apr 26 23:40:58.894388 2025] [socache_shmcb:debug] [pid 28316:tid 1924] mod_socache_shmcb.c(862): AH00847: insert happened at idx=0, data=(0:32)
[Sat Apr 26 23:40:58.894388 2025] [socache_shmcb:debug] [pid 28316:tid 1924] mod_socache_shmcb.c(865): AH00848: finished insert, subcache: idx_pos/idx_used=0/1, data_pos/data_used=0/205
[Sat Apr 26 23:40:58.894388 2025] [socache_shmcb:debug] [pid 28316:tid 1924] mod_socache_shmcb.c(530): AH00834: leaving socache_shmcb_store successfully
[Sat Apr 26 23:40:58.895389 2025] [ssl:debug] [pid 28316:tid 1920] ssl_engine_kernel.c(2254): [client 127.0.0.1:59847] AH02041: Protocol: TLSv1.3, Cipher: TLS_AES_256_GCM_SHA384 (256/256 bits)
[Sat Apr 26 23:40:58.895389 2025] [socache_shmcb:debug] [pid 28316:tid 1924] mod_socache_shmcb.c(508): AH00831: socache_shmcb_store (0xd1 -> subcache 17)
[Sat Apr 26 23:40:58.895389 2025] [socache_shmcb:debug] [pid 28316:tid 1924] mod_socache_shmcb.c(862): AH00847: insert happened at idx=0, data=(0:32)
[Sat Apr 26 23:40:58.895389 2025] [socache_shmcb:debug] [pid 28316:tid 1924] mod_socache_shmcb.c(865): AH00848: finished insert, subcache: idx_pos/idx_used=0/1, data_pos/data_used=0/205
[Sat Apr 26 23:40:58.895389 2025] [socache_shmcb:debug] [pid 28316:tid 1924] mod_socache_shmcb.c(530): AH00834: leaving socache_shmcb_store successfully
[Sat Apr 26 23:40:58.895389 2025] [socache_shmcb:debug] [pid 28316:tid 1920] mod_socache_shmcb.c(508): AH00831: socache_shmcb_store (0xac -> subcache 12)
[Sat Apr 26 23:40:58.895389 2025] [socache_shmcb:debug] [pid 28316:tid 1920] mod_socache_shmcb.c(862): AH00847: insert happened at idx=1, data=(205:237)
[Sat Apr 26 23:40:58.895389 2025] [socache_shmcb:debug] [pid 28316:tid 1920] mod_socache_shmcb.c(865): AH00848: finished insert, subcache: idx_pos/idx_used=0/2, data_pos/data_used=0/410
[Sat Apr 26 23:40:58.895389 2025] [socache_shmcb:debug] [pid 28316:tid 1920] mod_socache_shmcb.c(530): AH00834: leaving socache_shmcb_store successfully
[Sat Apr 26 23:40:58.895389 2025] [socache_shmcb:debug] [pid 28316:tid 1920] mod_socache_shmcb.c(508): AH00831: socache_shmcb_store (0x0e -> subcache 14)
[Sat Apr 26 23:40:58.895389 2025] [socache_shmcb:debug] [pid 28316:tid 1920] mod_socache_shmcb.c(862): AH00847: insert happened at idx=0, data=(0:32)
[Sat Apr 26 23:40:58.895389 2025] [socache_shmcb:debug] [pid 28316:tid 1920] mod_socache_shmcb.c(865): AH00848: finished insert, subcache: idx_pos/idx_used=0/1, data_pos/data_used=0/205
[Sat Apr 26 23:40:58.895389 2025] [socache_shmcb:debug] [pid 28316:tid 1920] mod_socache_shmcb.c(530): AH00834: leaving socache_shmcb_store successfully
[Sat Apr 26 23:40:58.895389 2025] [ssl:debug] [pid 28316:tid 1968] ssl_engine_kernel.c(415): [client 127.0.0.1:59845] AH02034: Subsequent (No.2) HTTPS request received for child 6 (server www.example.com:443)
[Sat Apr 26 23:40:58.897387 2025] [authz_core:debug] [pid 28316:tid 1968] mod_authz_core.c(815): [client 127.0.0.1:59845] AH01626: authorization result of Require local : granted
[Sat Apr 26 23:40:58.897387 2025] [authz_core:debug] [pid 28316:tid 1968] mod_authz_core.c(815): [client 127.0.0.1:59845] AH01626: authorization result of <RequireAny>: granted
[Sat Apr 26 23:40:58.900388 2025] [ssl:debug] [pid 28316:tid 1928] ssl_engine_kernel.c(415): [client 127.0.0.1:59849] AH02034: Initial (No.1) HTTPS request received for child 64 (server www.example.com:443)
[Sat Apr 26 23:40:58.901388 2025] [ssl:debug] [pid 28316:tid 1924] ssl_engine_kernel.c(415): [client 127.0.0.1:59848] AH02034: Initial (No.1) HTTPS request received for child 146 (server www.example.com:443)
[Sat Apr 26 23:40:58.901388 2025] [ssl:debug] [pid 28316:tid 1920] ssl_engine_kernel.c(415): [client 127.0.0.1:59847] AH02034: Initial (No.1) HTTPS request received for child 145 (server www.example.com:443)
[Sat Apr 26 23:40:58.901388 2025] [ssl:debug] [pid 28316:tid 1968] ssl_engine_kernel.c(415): [client 127.0.0.1:59845] AH02034: Subsequent (No.3) HTTPS request received for child 6 (server www.example.com:443)
[Sat Apr 26 23:40:58.901388 2025] [authz_core:debug] [pid 28316:tid 1928] mod_authz_core.c(815): [client 127.0.0.1:59849] AH01626: authorization result of Require local : granted
[Sat Apr 26 23:40:58.901388 2025] [authz_core:debug] [pid 28316:tid 1928] mod_authz_core.c(815): [client 127.0.0.1:59849] AH01626: authorization result of <RequireAny>: granted
[Sat Apr 26 23:40:58.901388 2025] [ssl:debug] [pid 28316:tid 1936] ssl_engine_kernel.c(415): [client 127.0.0.1:59846] AH02034: Subsequent (No.2) HTTPS request received for child 66 (server www.example.com:443)
[Sat Apr 26 23:40:58.904387 2025] [ssl:debug] [pid 28316:tid 1928] ssl_engine_kernel.c(415): [client 127.0.0.1:59849] AH02034: Subsequent (No.2) HTTPS request received for child 64 (server www.example.com:443)
[Sat Apr 26 23:40:58.905385 2025] [authz_core:debug] [pid 28316:tid 1924] mod_authz_core.c(815): [client 127.0.0.1:59848] AH01626: authorization result of Require local : granted
[Sat Apr 26 23:40:58.905385 2025] [authz_core:debug] [pid 28316:tid 1924] mod_authz_core.c(815): [client 127.0.0.1:59848] AH01626: authorization result of <RequireAny>: granted
[Sat Apr 26 23:40:58.906388 2025] [authz_core:debug] [pid 28316:tid 1920] mod_authz_core.c(815): [client 127.0.0.1:59847] AH01626: authorization result of Require local : granted
[Sat Apr 26 23:40:58.906388 2025] [authz_core:debug] [pid 28316:tid 1920] mod_authz_core.c(815): [client 127.0.0.1:59847] AH01626: authorization result of <RequireAny>: granted
[Sat Apr 26 23:40:58.907388 2025] [authz_core:debug] [pid 28316:tid 1968] mod_authz_core.c(815): [client 127.0.0.1:59845] AH01626: authorization result of Require local : granted
[Sat Apr 26 23:40:58.907388 2025] [authz_core:debug] [pid 28316:tid 1968] mod_authz_core.c(815): [client 127.0.0.1:59845] AH01626: authorization result of <RequireAny>: granted
[Sat Apr 26 23:40:58.907388 2025] [authz_core:debug] [pid 28316:tid 1936] mod_authz_core.c(815): [client 127.0.0.1:59846] AH01626: authorization result of Require local : granted
[Sat Apr 26 23:40:58.907388 2025] [authz_core:debug] [pid 28316:tid 1936] mod_authz_core.c(815): [client 127.0.0.1:59846] AH01626: authorization result of <RequireAny>: granted
[Sat Apr 26 23:40:58.907388 2025] [ssl:debug] [pid 28316:tid 1924] ssl_engine_kernel.c(415): [client 127.0.0.1:59848] AH02034: Subsequent (No.2) HTTPS request received for child 146 (server www.example.com:443)
[Sat Apr 26 23:40:58.908388 2025] [authz_core:debug] [pid 28316:tid 1928] mod_authz_core.c(815): [client 127.0.0.1:59849] AH01626: authorization result of Require local : granted
[Sat Apr 26 23:40:58.908388 2025] [authz_core:debug] [pid 28316:tid 1928] mod_authz_core.c(815): [client 127.0.0.1:59849] AH01626: authorization result of <RequireAny>: granted
[Sat Apr 26 23:40:58.908388 2025] [ssl:debug] [pid 28316:tid 1968] ssl_engine_kernel.c(415): [client 127.0.0.1:59845] AH02034: Subsequent (No.4) HTTPS request received for child 6 (server www.example.com:443)
[Sat Apr 26 23:40:58.908388 2025] [ssl:debug] [pid 28316:tid 1920] ssl_engine_kernel.c(415): [client 127.0.0.1:59847] AH02034: Subsequent (No.2) HTTPS request received for child 145 (server www.example.com:443)
[Sat Apr 26 23:40:58.910387 2025] [authz_core:debug] [pid 28316:tid 1968] mod_authz_core.c(815): [client 127.0.0.1:59845] AH01626: authorization result of Require local : granted
[Sat Apr 26 23:40:58.910387 2025] [authz_core:debug] [pid 28316:tid 1968] mod_authz_core.c(815): [client 127.0.0.1:59845] AH01626: authorization result of <RequireAny>: granted
[Sat Apr 26 23:40:58.910387 2025] [authz_core:debug] [pid 28316:tid 1920] mod_authz_core.c(815): [client 127.0.0.1:59847] AH01626: authorization result of Require local : granted
[Sat Apr 26 23:40:58.910387 2025] [authz_core:debug] [pid 28316:tid 1920] mod_authz_core.c(815): [client 127.0.0.1:59847] AH01626: authorization result of <RequireAny>: granted
[Sat Apr 26 23:40:58.911387 2025] [authz_core:debug] [pid 28316:tid 1924] mod_authz_core.c(815): [client 127.0.0.1:59848] AH01626: authorization result of Require local : granted
[Sat Apr 26 23:40:58.911387 2025] [authz_core:debug] [pid 28316:tid 1924] mod_authz_core.c(815): [client 127.0.0.1:59848] AH01626: authorization result of <RequireAny>: granted
[Sat Apr 26 23:40:59.812496 2025] [ssl:debug] [pid 28316:tid 1936] ssl_engine_kernel.c(415): [client 127.0.0.1:59846] AH02034: Subsequent (No.3) HTTPS request received for child 66 (server www.example.com:443)
[Sat Apr 26 23:40:59.813533 2025] [ssl:debug] [pid 28316:tid 1924] ssl_engine_kernel.c(415): [client 127.0.0.1:59848] AH02034: Subsequent (No.3) HTTPS request received for child 146 (server www.example.com:443)
[Sat Apr 26 23:40:59.813533 2025] [ssl:debug] [pid 28316:tid 1968] ssl_engine_kernel.c(415): [client 127.0.0.1:59845] AH02034: Subsequent (No.5) HTTPS request received for child 6 (server www.example.com:443)
[Sat Apr 26 23:40:59.814495 2025] [authz_core:debug] [pid 28316:tid 1936] mod_authz_core.c(815): [client 127.0.0.1:59846] AH01626: authorization result of Require local : granted
[Sat Apr 26 23:40:59.814495 2025] [authz_core:debug] [pid 28316:tid 1936] mod_authz_core.c(815): [client 127.0.0.1:59846] AH01626: authorization result of <RequireAny>: granted
[Sat Apr 26 23:40:59.814495 2025] [authz_core:debug] [pid 28316:tid 1924] mod_authz_core.c(815): [client 127.0.0.1:59848] AH01626: authorization result of Require local : granted
[Sat Apr 26 23:40:59.814495 2025] [authz_core:debug] [pid 28316:tid 1924] mod_authz_core.c(815): [client 127.0.0.1:59848] AH01626: authorization result of <RequireAny>: granted
[Sat Apr 26 23:40:59.815495 2025] [authz_core:debug] [pid 28316:tid 1968] mod_authz_core.c(815): [client 127.0.0.1:59845] AH01626: authorization result of Require local : granted
[Sat Apr 26 23:40:59.815495 2025] [authz_core:debug] [pid 28316:tid 1968] mod_authz_core.c(815): [client 127.0.0.1:59845] AH01626: authorization result of <RequireAny>: granted
[Sat Apr 26 23:41:00.239252 2025] [ssl:debug] [pid 28316:tid 1968] ssl_engine_kernel.c(415): [client 127.0.0.1:59845] AH02034: Subsequent (No.6) HTTPS request received for child 6 (server www.example.com:443)
[Sat Apr 26 23:41:00.241234 2025] [authz_core:debug] [pid 28316:tid 1968] mod_authz_core.c(815): [client 127.0.0.1:59845] AH01626: authorization result of Require local : granted
[Sat Apr 26 23:41:00.241234 2025] [authz_core:debug] [pid 28316:tid 1968] mod_authz_core.c(815): [client 127.0.0.1:59845] AH01626: authorization result of <RequireAny>: granted
[Sat Apr 26 23:41:00.574445 2025] [ssl:debug] [pid 28316:tid 1936] ssl_engine_kernel.c(415): [client 127.0.0.1:59846] AH02034: Subsequent (No.4) HTTPS request received for child 66 (server www.example.com:443)
[Sat Apr 26 23:41:00.576446 2025] [authz_core:debug] [pid 28316:tid 1936] mod_authz_core.c(815): [client 127.0.0.1:59846] AH01626: authorization result of Require local : granted
[Sat Apr 26 23:41:00.576446 2025] [authz_core:debug] [pid 28316:tid 1936] mod_authz_core.c(815): [client 127.0.0.1:59846] AH01626: authorization result of <RequireAny>: granted
[Sat Apr 26 23:41:00.648600 2025] [ssl:debug] [pid 28316:tid 1924] ssl_engine_kernel.c(415): [client 127.0.0.1:59848] AH02034: Subsequent (No.4) HTTPS request received for child 146 (server www.example.com:443)
[Sat Apr 26 23:41:00.649600 2025] [authz_core:debug] [pid 28316:tid 1924] mod_authz_core.c(815): [client 127.0.0.1:59848] AH01626: authorization result of Require local : granted
[Sat Apr 26 23:41:00.649600 2025] [authz_core:debug] [pid 28316:tid 1924] mod_authz_core.c(815): [client 127.0.0.1:59848] AH01626: authorization result of <RequireAny>: granted
[Sat Apr 26 23:41:01.461926 2025] [ssl:debug] [pid 28316:tid 1936] ssl_engine_kernel.c(415): [client 127.0.0.1:59846] AH02034: Subsequent (No.5) HTTPS request received for child 66 (server www.example.com:443)
[Sat Apr 26 23:41:01.462926 2025] [authz_core:debug] [pid 28316:tid 1936] mod_authz_core.c(815): [client 127.0.0.1:59846] AH01626: authorization result of Require local : granted
[Sat Apr 26 23:41:01.462926 2025] [authz_core:debug] [pid 28316:tid 1936] mod_authz_core.c(815): [client 127.0.0.1:59846] AH01626: authorization result of <RequireAny>: granted
[Sat Apr 26 23:41:01.491924 2025] [ssl:debug] [pid 28316:tid 1924] ssl_engine_kernel.c(415): [client 127.0.0.1:59848] AH02034: Subsequent (No.5) HTTPS request received for child 146 (server www.example.com:443), referer: https://localhost/phpmyadmin/themes/pmahomme/css/theme.css?v=5.2.1
[Sat Apr 26 23:41:01.492924 2025] [ssl:debug] [pid 28316:tid 1968] ssl_engine_kernel.c(415): [client 127.0.0.1:59845] AH02034: Subsequent (No.7) HTTPS request received for child 6 (server www.example.com:443), referer: https://localhost/phpmyadmin/themes/pmahomme/css/theme.css?v=5.2.1
[Sat Apr 26 23:41:01.492924 2025] [ssl:debug] [pid 28316:tid 1928] ssl_engine_kernel.c(415): [client 127.0.0.1:59849] AH02034: Subsequent (No.3) HTTPS request received for child 64 (server www.example.com:443), referer: https://localhost/phpmyadmin/themes/pmahomme/css/theme.css?v=5.2.1
[Sat Apr 26 23:41:01.494925 2025] [authz_core:debug] [pid 28316:tid 1924] mod_authz_core.c(815): [client 127.0.0.1:59848] AH01626: authorization result of Require local : granted, referer: https://localhost/phpmyadmin/themes/pmahomme/css/theme.css?v=5.2.1
[Sat Apr 26 23:41:01.494925 2025] [authz_core:debug] [pid 28316:tid 1924] mod_authz_core.c(815): [client 127.0.0.1:59848] AH01626: authorization result of <RequireAny>: granted, referer: https://localhost/phpmyadmin/themes/pmahomme/css/theme.css?v=5.2.1
[Sat Apr 26 23:41:01.495926 2025] [authz_core:debug] [pid 28316:tid 1928] mod_authz_core.c(815): [client 127.0.0.1:59849] AH01626: authorization result of Require local : granted, referer: https://localhost/phpmyadmin/themes/pmahomme/css/theme.css?v=5.2.1
[Sat Apr 26 23:41:01.495926 2025] [authz_core:debug] [pid 28316:tid 1928] mod_authz_core.c(815): [client 127.0.0.1:59849] AH01626: authorization result of <RequireAny>: granted, referer: https://localhost/phpmyadmin/themes/pmahomme/css/theme.css?v=5.2.1
[Sat Apr 26 23:41:01.495926 2025] [authz_core:debug] [pid 28316:tid 1968] mod_authz_core.c(815): [client 127.0.0.1:59845] AH01626: authorization result of Require local : granted, referer: https://localhost/phpmyadmin/themes/pmahomme/css/theme.css?v=5.2.1
[Sat Apr 26 23:41:01.495926 2025] [authz_core:debug] [pid 28316:tid 1968] mod_authz_core.c(815): [client 127.0.0.1:59845] AH01626: authorization result of <RequireAny>: granted, referer: https://localhost/phpmyadmin/themes/pmahomme/css/theme.css?v=5.2.1
[Sat Apr 26 23:41:01.983868 2025] [ssl:debug] [pid 28316:tid 1936] ssl_engine_kernel.c(415): [client 127.0.0.1:59846] AH02034: Subsequent (No.6) HTTPS request received for child 66 (server www.example.com:443)
[Sat Apr 26 23:41:01.984868 2025] [authz_core:debug] [pid 28316:tid 1936] mod_authz_core.c(815): [client 127.0.0.1:59846] AH01626: authorization result of Require local : granted
[Sat Apr 26 23:41:01.984868 2025] [authz_core:debug] [pid 28316:tid 1936] mod_authz_core.c(815): [client 127.0.0.1:59846] AH01626: authorization result of <RequireAny>: granted
[Sat Apr 26 23:41:03.578653 2025] [ssl:debug] [pid 28316:tid 1936] ssl_engine_kernel.c(415): [client 127.0.0.1:59846] AH02034: Subsequent (No.7) HTTPS request received for child 66 (server www.example.com:443)
[Sat Apr 26 23:41:03.578653 2025] [authz_core:debug] [pid 28316:tid 1936] mod_authz_core.c(815): [client 127.0.0.1:59846] AH01626: authorization result of Require local : granted
[Sat Apr 26 23:41:03.578653 2025] [authz_core:debug] [pid 28316:tid 1936] mod_authz_core.c(815): [client 127.0.0.1:59846] AH01626: authorization result of <RequireAny>: granted
[Sat Apr 26 23:41:03.926765 2025] [ssl:debug] [pid 28316:tid 1920] ssl_engine_io.c(1147): [client 127.0.0.1:59847] AH02001: Connection closed to child 145 with standard shutdown (server www.example.com:443)
[Sat Apr 26 23:41:04.100004 2025] [ssl:debug] [pid 28316:tid 1932] ssl_engine_io.c(1147): [client 127.0.0.1:59824] AH02001: Connection closed to child 16 with standard shutdown (server www.example.com:443)
[Sat Apr 26 23:41:04.545436 2025] [ssl:debug] [pid 28316:tid 1936] ssl_engine_kernel.c(415): [client 127.0.0.1:59846] AH02034: Subsequent (No.8) HTTPS request received for child 66 (server www.example.com:443), referer: https://localhost/phpmyadmin/themes/pmahomme/css/theme.css?v=5.2.1
[Sat Apr 26 23:41:04.546437 2025] [ssl:debug] [pid 28316:tid 1924] ssl_engine_kernel.c(415): [client 127.0.0.1:59848] AH02034: Subsequent (No.6) HTTPS request received for child 146 (server www.example.com:443), referer: https://localhost/phpmyadmin/themes/pmahomme/css/theme.css?v=5.2.1
[Sat Apr 26 23:41:04.546437 2025] [ssl:debug] [pid 28316:tid 1968] ssl_engine_kernel.c(415): [client 127.0.0.1:59845] AH02034: Subsequent (No.8) HTTPS request received for child 6 (server www.example.com:443), referer: https://localhost/phpmyadmin/themes/pmahomme/css/theme.css?v=5.2.1
[Sat Apr 26 23:41:04.546437 2025] [ssl:debug] [pid 28316:tid 1928] ssl_engine_kernel.c(415): [client 127.0.0.1:59849] AH02034: Subsequent (No.4) HTTPS request received for child 64 (server www.example.com:443), referer: https://localhost/phpmyadmin/themes/pmahomme/css/theme.css?v=5.2.1
[Sat Apr 26 23:41:04.548437 2025] [ssl:info] [pid 28316:tid 1932] [client 127.0.0.1:59916] AH01964: Connection to child 16 established (server www.example.com:443)
[Sat Apr 26 23:41:04.548437 2025] [authz_core:debug] [pid 28316:tid 1936] mod_authz_core.c(815): [client 127.0.0.1:59846] AH01626: authorization result of Require local : granted, referer: https://localhost/phpmyadmin/themes/pmahomme/css/theme.css?v=5.2.1
[Sat Apr 26 23:41:04.549440 2025] [authz_core:debug] [pid 28316:tid 1936] mod_authz_core.c(815): [client 127.0.0.1:59846] AH01626: authorization result of <RequireAny>: granted, referer: https://localhost/phpmyadmin/themes/pmahomme/css/theme.css?v=5.2.1
[Sat Apr 26 23:41:04.549440 2025] [authz_core:debug] [pid 28316:tid 1968] mod_authz_core.c(815): [client 127.0.0.1:59845] AH01626: authorization result of Require local : granted, referer: https://localhost/phpmyadmin/themes/pmahomme/css/theme.css?v=5.2.1
[Sat Apr 26 23:41:04.549440 2025] [authz_core:debug] [pid 28316:tid 1968] mod_authz_core.c(815): [client 127.0.0.1:59845] AH01626: authorization result of <RequireAny>: granted, referer: https://localhost/phpmyadmin/themes/pmahomme/css/theme.css?v=5.2.1
[Sat Apr 26 23:41:04.549440 2025] [authz_core:debug] [pid 28316:tid 1924] mod_authz_core.c(815): [client 127.0.0.1:59848] AH01626: authorization result of Require local : granted, referer: https://localhost/phpmyadmin/themes/pmahomme/css/theme.css?v=5.2.1
[Sat Apr 26 23:41:04.549440 2025] [authz_core:debug] [pid 28316:tid 1924] mod_authz_core.c(815): [client 127.0.0.1:59848] AH01626: authorization result of <RequireAny>: granted, referer: https://localhost/phpmyadmin/themes/pmahomme/css/theme.css?v=5.2.1
[Sat Apr 26 23:41:04.550437 2025] [ssl:info] [pid 28316:tid 1920] [client 127.0.0.1:59917] AH01964: Connection to child 145 established (server www.example.com:443)
[Sat Apr 26 23:41:04.550437 2025] [authz_core:debug] [pid 28316:tid 1928] mod_authz_core.c(815): [client 127.0.0.1:59849] AH01626: authorization result of Require local : granted, referer: https://localhost/phpmyadmin/themes/pmahomme/css/theme.css?v=5.2.1
[Sat Apr 26 23:41:04.550437 2025] [authz_core:debug] [pid 28316:tid 1928] mod_authz_core.c(815): [client 127.0.0.1:59849] AH01626: authorization result of <RequireAny>: granted, referer: https://localhost/phpmyadmin/themes/pmahomme/css/theme.css?v=5.2.1
[Sat Apr 26 23:41:04.550437 2025] [ssl:debug] [pid 28316:tid 1932] ssl_engine_kernel.c(2403): [client 127.0.0.1:59916] AH02044: No matching SSL virtual host for servername localhost found (using default/first virtual host)
[Sat Apr 26 23:41:04.551438 2025] [ssl:debug] [pid 28316:tid 1936] ssl_engine_kernel.c(415): [client 127.0.0.1:59846] AH02034: Subsequent (No.9) HTTPS request received for child 66 (server www.example.com:443)
[Sat Apr 26 23:41:04.551438 2025] [core:debug] [pid 28316:tid 1932] protocol.c(2460): [client 127.0.0.1:59916] AH03155: select protocol from , choices=h2,http/1.1 for server www.example.com
[Sat Apr 26 23:41:04.552443 2025] [ssl:debug] [pid 28316:tid 1920] ssl_engine_kernel.c(2403): [client 127.0.0.1:59917] AH02044: No matching SSL virtual host for servername localhost found (using default/first virtual host)
[Sat Apr 26 23:41:04.552443 2025] [core:debug] [pid 28316:tid 1920] protocol.c(2460): [client 127.0.0.1:59917] AH03155: select protocol from , choices=h2,http/1.1 for server www.example.com
[Sat Apr 26 23:41:04.553445 2025] [ssl:debug] [pid 28316:tid 1928] ssl_engine_kernel.c(415): [client 127.0.0.1:59849] AH02034: Subsequent (No.5) HTTPS request received for child 64 (server www.example.com:443), referer: https://localhost/phpmyadmin/themes/pmahomme/css/theme.css?v=5.2.1
[Sat Apr 26 23:41:04.554436 2025] [authz_core:debug] [pid 28316:tid 1936] mod_authz_core.c(815): [client 127.0.0.1:59846] AH01626: authorization result of Require local : granted
[Sat Apr 26 23:41:04.554436 2025] [authz_core:debug] [pid 28316:tid 1936] mod_authz_core.c(815): [client 127.0.0.1:59846] AH01626: authorization result of <RequireAny>: granted
[Sat Apr 26 23:41:04.555439 2025] [ssl:debug] [pid 28316:tid 1932] ssl_engine_kernel.c(2254): [client 127.0.0.1:59916] AH02041: Protocol: TLSv1.3, Cipher: TLS_AES_256_GCM_SHA384 (256/256 bits)
[Sat Apr 26 23:41:04.555439 2025] [authz_core:debug] [pid 28316:tid 1928] mod_authz_core.c(815): [client 127.0.0.1:59849] AH01626: authorization result of Require local : granted, referer: https://localhost/phpmyadmin/themes/pmahomme/css/theme.css?v=5.2.1
[Sat Apr 26 23:41:04.555439 2025] [authz_core:debug] [pid 28316:tid 1928] mod_authz_core.c(815): [client 127.0.0.1:59849] AH01626: authorization result of <RequireAny>: granted, referer: https://localhost/phpmyadmin/themes/pmahomme/css/theme.css?v=5.2.1
[Sat Apr 26 23:41:04.555439 2025] [socache_shmcb:debug] [pid 28316:tid 1932] mod_socache_shmcb.c(508): AH00831: socache_shmcb_store (0x16 -> subcache 22)
[Sat Apr 26 23:41:04.555439 2025] [socache_shmcb:debug] [pid 28316:tid 1932] mod_socache_shmcb.c(862): AH00847: insert happened at idx=1, data=(205:237)
[Sat Apr 26 23:41:04.555439 2025] [socache_shmcb:debug] [pid 28316:tid 1932] mod_socache_shmcb.c(865): AH00848: finished insert, subcache: idx_pos/idx_used=0/2, data_pos/data_used=0/411
