[Sat Apr 26 23:33:15.228498 2025] [authz_core:debug] [pid 28316:tid 1968] mod_authz_core.c(815): [client 127.0.0.1:55263] AH01626: authorization result of Require local : granted, referer: https://localhost/phpmyadmin/themes/pmahomme/css/theme.css?v=5.2.1
[Sat Apr 26 23:33:15.229512 2025] [authz_core:debug] [pid 28316:tid 1968] mod_authz_core.c(815): [client 127.0.0.1:55263] AH01626: authorization result of <RequireAny>: granted, referer: https://localhost/phpmyadmin/themes/pmahomme/css/theme.css?v=5.2.1
[Sat Apr 26 23:33:15.230519 2025] [ssl:debug] [pid 28316:tid 1920] ssl_engine_kernel.c(415): [client 127.0.0.1:55266] AH02034: Subsequent (No.9) HTTPS request received for child 145 (server www.example.com:443), referer: https://localhost/phpmyadmin/themes/pmahomme/css/theme.css?v=5.2.1
[Sat Apr 26 23:33:15.233486 2025] [ssl:debug] [pid 28316:tid 1936] ssl_engine_kernel.c(415): [client 127.0.0.1:55230] AH02034: Subsequent (No.17) HTTPS request received for child 66 (server www.example.com:443), referer: https://localhost/phpmyadmin/themes/pmahomme/css/theme.css?v=5.2.1
[Sat Apr 26 23:33:15.233486 2025] [authz_core:debug] [pid 28316:tid 1920] mod_authz_core.c(815): [client 127.0.0.1:55266] AH01626: authorization result of Require local : granted, referer: https://localhost/phpmyadmin/themes/pmahomme/css/theme.css?v=5.2.1
[Sat Apr 26 23:33:15.234486 2025] [authz_core:debug] [pid 28316:tid 1920] mod_authz_core.c(815): [client 127.0.0.1:55266] AH01626: authorization result of <RequireAny>: granted, referer: https://localhost/phpmyadmin/themes/pmahomme/css/theme.css?v=5.2.1
[Sat Apr 26 23:33:15.235487 2025] [ssl:debug] [pid 28316:tid 1932] ssl_engine_kernel.c(415): [client 127.0.0.1:55262] AH02034: Subsequent (No.10) HTTPS request received for child 16 (server www.example.com:443), referer: https://localhost/phpmyadmin/themes/pmahomme/css/theme.css?v=5.2.1
[Sat Apr 26 23:33:15.235487 2025] [authz_core:debug] [pid 28316:tid 1936] mod_authz_core.c(815): [client 127.0.0.1:55230] AH01626: authorization result of Require local : granted, referer: https://localhost/phpmyadmin/themes/pmahomme/css/theme.css?v=5.2.1
[Sat Apr 26 23:33:15.235487 2025] [authz_core:debug] [pid 28316:tid 1936] mod_authz_core.c(815): [client 127.0.0.1:55230] AH01626: authorization result of <RequireAny>: granted, referer: https://localhost/phpmyadmin/themes/pmahomme/css/theme.css?v=5.2.1
[Sat Apr 26 23:33:15.236489 2025] [ssl:debug] [pid 28316:tid 1920] ssl_engine_kernel.c(415): [client 127.0.0.1:55266] AH02034: Subsequent (No.10) HTTPS request received for child 145 (server www.example.com:443), referer: https://localhost/phpmyadmin/themes/pmahomme/css/theme.css?v=5.2.1
[Sat Apr 26 23:33:15.237488 2025] [authz_core:debug] [pid 28316:tid 1932] mod_authz_core.c(815): [client 127.0.0.1:55262] AH01626: authorization result of Require local : granted, referer: https://localhost/phpmyadmin/themes/pmahomme/css/theme.css?v=5.2.1
[Sat Apr 26 23:33:15.237488 2025] [authz_core:debug] [pid 28316:tid 1932] mod_authz_core.c(815): [client 127.0.0.1:55262] AH01626: authorization result of <RequireAny>: granted, referer: https://localhost/phpmyadmin/themes/pmahomme/css/theme.css?v=5.2.1
[Sat Apr 26 23:33:15.238488 2025] [authz_core:debug] [pid 28316:tid 1920] mod_authz_core.c(815): [client 127.0.0.1:55266] AH01626: authorization result of Require local : granted, referer: https://localhost/phpmyadmin/themes/pmahomme/css/theme.css?v=5.2.1
[Sat Apr 26 23:33:15.238488 2025] [authz_core:debug] [pid 28316:tid 1920] mod_authz_core.c(815): [client 127.0.0.1:55266] AH01626: authorization result of <RequireAny>: granted, referer: https://localhost/phpmyadmin/themes/pmahomme/css/theme.css?v=5.2.1
[Sat Apr 26 23:33:15.239485 2025] [ssl:debug] [pid 28316:tid 1936] ssl_engine_kernel.c(415): [client 127.0.0.1:55230] AH02034: Subsequent (No.18) HTTPS request received for child 66 (server www.example.com:443), referer: https://localhost/phpmyadmin/themes/pmahomme/css/theme.css?v=5.2.1
[Sat Apr 26 23:33:15.240485 2025] [ssl:debug] [pid 28316:tid 1932] ssl_engine_kernel.c(415): [client 127.0.0.1:55262] AH02034: Subsequent (No.11) HTTPS request received for child 16 (server www.example.com:443), referer: https://localhost/phpmyadmin/themes/pmahomme/css/theme.css?v=5.2.1
[Sat Apr 26 23:33:15.240485 2025] [ssl:debug] [pid 28316:tid 1920] ssl_engine_kernel.c(415): [client 127.0.0.1:55266] AH02034: Subsequent (No.11) HTTPS request received for child 145 (server www.example.com:443), referer: https://localhost/phpmyadmin/themes/pmahomme/css/theme.css?v=5.2.1
[Sat Apr 26 23:33:15.240485 2025] [ssl:debug] [pid 28316:tid 1924] ssl_engine_kernel.c(415): [client 127.0.0.1:55265] AH02034: Subsequent (No.8) HTTPS request received for child 146 (server www.example.com:443), referer: https://localhost/phpmyadmin/themes/pmahomme/css/theme.css?v=5.2.1
[Sat Apr 26 23:33:15.241492 2025] [ssl:debug] [pid 28316:tid 1968] ssl_engine_kernel.c(415): [client 127.0.0.1:55263] AH02034: Subsequent (No.14) HTTPS request received for child 6 (server www.example.com:443), referer: https://localhost/phpmyadmin/themes/pmahomme/css/theme.css?v=5.2.1
[Sat Apr 26 23:33:15.241492 2025] [authz_core:debug] [pid 28316:tid 1936] mod_authz_core.c(815): [client 127.0.0.1:55230] AH01626: authorization result of Require local : granted, referer: https://localhost/phpmyadmin/themes/pmahomme/css/theme.css?v=5.2.1
[Sat Apr 26 23:33:15.241492 2025] [authz_core:debug] [pid 28316:tid 1936] mod_authz_core.c(815): [client 127.0.0.1:55230] AH01626: authorization result of <RequireAny>: granted, referer: https://localhost/phpmyadmin/themes/pmahomme/css/theme.css?v=5.2.1
[Sat Apr 26 23:33:15.242488 2025] [authz_core:debug] [pid 28316:tid 1932] mod_authz_core.c(815): [client 127.0.0.1:55262] AH01626: authorization result of Require local : granted, referer: https://localhost/phpmyadmin/themes/pmahomme/css/theme.css?v=5.2.1
[Sat Apr 26 23:33:15.242488 2025] [authz_core:debug] [pid 28316:tid 1932] mod_authz_core.c(815): [client 127.0.0.1:55262] AH01626: authorization result of <RequireAny>: granted, referer: https://localhost/phpmyadmin/themes/pmahomme/css/theme.css?v=5.2.1
[Sat Apr 26 23:33:15.242488 2025] [ssl:debug] [pid 28316:tid 1928] ssl_engine_kernel.c(415): [client 127.0.0.1:55264] AH02034: Subsequent (No.10) HTTPS request received for child 64 (server www.example.com:443), referer: https://localhost/phpmyadmin/themes/pmahomme/css/theme.css?v=5.2.1
[Sat Apr 26 23:33:15.242488 2025] [authz_core:debug] [pid 28316:tid 1920] mod_authz_core.c(815): [client 127.0.0.1:55266] AH01626: authorization result of Require local : granted, referer: https://localhost/phpmyadmin/themes/pmahomme/css/theme.css?v=5.2.1
[Sat Apr 26 23:33:15.242488 2025] [authz_core:debug] [pid 28316:tid 1920] mod_authz_core.c(815): [client 127.0.0.1:55266] AH01626: authorization result of <RequireAny>: granted, referer: https://localhost/phpmyadmin/themes/pmahomme/css/theme.css?v=5.2.1
[Sat Apr 26 23:33:15.242488 2025] [authz_core:debug] [pid 28316:tid 1924] mod_authz_core.c(815): [client 127.0.0.1:55265] AH01626: authorization result of Require local : granted, referer: https://localhost/phpmyadmin/themes/pmahomme/css/theme.css?v=5.2.1
[Sat Apr 26 23:33:15.242488 2025] [authz_core:debug] [pid 28316:tid 1924] mod_authz_core.c(815): [client 127.0.0.1:55265] AH01626: authorization result of <RequireAny>: granted, referer: https://localhost/phpmyadmin/themes/pmahomme/css/theme.css?v=5.2.1
[Sat Apr 26 23:33:15.243490 2025] [authz_core:debug] [pid 28316:tid 1968] mod_authz_core.c(815): [client 127.0.0.1:55263] AH01626: authorization result of Require local : granted, referer: https://localhost/phpmyadmin/themes/pmahomme/css/theme.css?v=5.2.1
[Sat Apr 26 23:33:15.243490 2025] [authz_core:debug] [pid 28316:tid 1968] mod_authz_core.c(815): [client 127.0.0.1:55263] AH01626: authorization result of <RequireAny>: granted, referer: https://localhost/phpmyadmin/themes/pmahomme/css/theme.css?v=5.2.1
[Sat Apr 26 23:33:15.246512 2025] [authz_core:debug] [pid 28316:tid 1928] mod_authz_core.c(815): [client 127.0.0.1:55264] AH01626: authorization result of Require local : granted, referer: https://localhost/phpmyadmin/themes/pmahomme/css/theme.css?v=5.2.1
[Sat Apr 26 23:33:15.246512 2025] [authz_core:debug] [pid 28316:tid 1928] mod_authz_core.c(815): [client 127.0.0.1:55264] AH01626: authorization result of <RequireAny>: granted, referer: https://localhost/phpmyadmin/themes/pmahomme/css/theme.css?v=5.2.1
[Sat Apr 26 23:33:15.531120 2025] [ssl:debug] [pid 28316:tid 1920] ssl_engine_kernel.c(415): [client 127.0.0.1:55266] AH02034: Subsequent (No.12) HTTPS request received for child 145 (server www.example.com:443)
[Sat Apr 26 23:33:15.533123 2025] [authz_core:debug] [pid 28316:tid 1920] mod_authz_core.c(815): [client 127.0.0.1:55266] AH01626: authorization result of Require local : granted
[Sat Apr 26 23:33:15.533123 2025] [authz_core:debug] [pid 28316:tid 1920] mod_authz_core.c(815): [client 127.0.0.1:55266] AH01626: authorization result of <RequireAny>: granted
[Sat Apr 26 23:33:15.573152 2025] [ssl:debug] [pid 28316:tid 1936] ssl_engine_kernel.c(415): [client 127.0.0.1:55230] AH02034: Subsequent (No.19) HTTPS request received for child 66 (server www.example.com:443), referer: https://localhost/phpmyadmin/themes/pmahomme/css/theme.css?v=5.2.1
[Sat Apr 26 23:33:15.574124 2025] [ssl:debug] [pid 28316:tid 1932] ssl_engine_kernel.c(415): [client 127.0.0.1:55262] AH02034: Subsequent (No.12) HTTPS request received for child 16 (server www.example.com:443)
[Sat Apr 26 23:33:15.574124 2025] [ssl:debug] [pid 28316:tid 1924] ssl_engine_kernel.c(415): [client 127.0.0.1:55265] AH02034: Subsequent (No.9) HTTPS request received for child 146 (server www.example.com:443)
[Sat Apr 26 23:33:15.574124 2025] [ssl:debug] [pid 28316:tid 1968] ssl_engine_kernel.c(415): [client 127.0.0.1:55263] AH02034: Subsequent (No.15) HTTPS request received for child 6 (server www.example.com:443)
[Sat Apr 26 23:33:15.577124 2025] [authz_core:debug] [pid 28316:tid 1924] mod_authz_core.c(815): [client 127.0.0.1:55265] AH01626: authorization result of Require local : granted
[Sat Apr 26 23:33:15.577124 2025] [authz_core:debug] [pid 28316:tid 1968] mod_authz_core.c(815): [client 127.0.0.1:55263] AH01626: authorization result of Require local : granted
[Sat Apr 26 23:33:15.577124 2025] [authz_core:debug] [pid 28316:tid 1932] mod_authz_core.c(815): [client 127.0.0.1:55262] AH01626: authorization result of Require local : granted
[Sat Apr 26 23:33:15.577124 2025] [authz_core:debug] [pid 28316:tid 1924] mod_authz_core.c(815): [client 127.0.0.1:55265] AH01626: authorization result of <RequireAny>: granted
[Sat Apr 26 23:33:15.577124 2025] [authz_core:debug] [pid 28316:tid 1968] mod_authz_core.c(815): [client 127.0.0.1:55263] AH01626: authorization result of <RequireAny>: granted
[Sat Apr 26 23:33:15.577124 2025] [authz_core:debug] [pid 28316:tid 1932] mod_authz_core.c(815): [client 127.0.0.1:55262] AH01626: authorization result of <RequireAny>: granted
[Sat Apr 26 23:33:15.577124 2025] [authz_core:debug] [pid 28316:tid 1936] mod_authz_core.c(815): [client 127.0.0.1:55230] AH01626: authorization result of Require local : granted, referer: https://localhost/phpmyadmin/themes/pmahomme/css/theme.css?v=5.2.1
[Sat Apr 26 23:33:15.577124 2025] [authz_core:debug] [pid 28316:tid 1936] mod_authz_core.c(815): [client 127.0.0.1:55230] AH01626: authorization result of <RequireAny>: granted, referer: https://localhost/phpmyadmin/themes/pmahomme/css/theme.css?v=5.2.1
[Sat Apr 26 23:33:15.581120 2025] [ssl:debug] [pid 28316:tid 1936] ssl_engine_kernel.c(415): [client 127.0.0.1:55230] AH02034: Subsequent (No.20) HTTPS request received for child 66 (server www.example.com:443)
[Sat Apr 26 23:33:15.582120 2025] [authz_core:debug] [pid 28316:tid 1936] mod_authz_core.c(815): [client 127.0.0.1:55230] AH01626: authorization result of Require local : granted
[Sat Apr 26 23:33:15.583139 2025] [authz_core:debug] [pid 28316:tid 1936] mod_authz_core.c(815): [client 127.0.0.1:55230] AH01626: authorization result of <RequireAny>: granted
[Sat Apr 26 23:33:16.803033 2025] [ssl:debug] [pid 28316:tid 1920] ssl_engine_kernel.c(415): [client 127.0.0.1:55266] AH02034: Subsequent (No.13) HTTPS request received for child 145 (server www.example.com:443)
[Sat Apr 26 23:33:16.805025 2025] [authz_core:debug] [pid 28316:tid 1920] mod_authz_core.c(815): [client 127.0.0.1:55266] AH01626: authorization result of Require local : granted
[Sat Apr 26 23:33:16.805025 2025] [authz_core:debug] [pid 28316:tid 1920] mod_authz_core.c(815): [client 127.0.0.1:55266] AH01626: authorization result of <RequireAny>: granted
[Sat Apr 26 23:33:17.419260 2025] [ssl:debug] [pid 28316:tid 1920] ssl_engine_kernel.c(415): [client 127.0.0.1:55266] AH02034: Subsequent (No.14) HTTPS request received for child 145 (server www.example.com:443), referer: https://localhost/phpmyadmin/themes/pmahomme/css/theme.css?v=5.2.1
[Sat Apr 26 23:33:17.420260 2025] [ssl:debug] [pid 28316:tid 1932] ssl_engine_kernel.c(415): [client 127.0.0.1:55262] AH02034: Subsequent (No.13) HTTPS request received for child 16 (server www.example.com:443)
[Sat Apr 26 23:33:17.421281 2025] [authz_core:debug] [pid 28316:tid 1920] mod_authz_core.c(815): [client 127.0.0.1:55266] AH01626: authorization result of Require local : granted, referer: https://localhost/phpmyadmin/themes/pmahomme/css/theme.css?v=5.2.1
[Sat Apr 26 23:33:17.421281 2025] [authz_core:debug] [pid 28316:tid 1920] mod_authz_core.c(815): [client 127.0.0.1:55266] AH01626: authorization result of <RequireAny>: granted, referer: https://localhost/phpmyadmin/themes/pmahomme/css/theme.css?v=5.2.1
[Sat Apr 26 23:33:17.421281 2025] [authz_core:debug] [pid 28316:tid 1932] mod_authz_core.c(815): [client 127.0.0.1:55262] AH01626: authorization result of Require local : granted
[Sat Apr 26 23:33:17.421281 2025] [authz_core:debug] [pid 28316:tid 1932] mod_authz_core.c(815): [client 127.0.0.1:55262] AH01626: authorization result of <RequireAny>: granted
[Sat Apr 26 23:33:18.418430 2025] [ssl:debug] [pid 28316:tid 1920] ssl_engine_kernel.c(415): [client 127.0.0.1:55266] AH02034: Subsequent (No.15) HTTPS request received for child 145 (server www.example.com:443)
[Sat Apr 26 23:33:18.419430 2025] [authz_core:debug] [pid 28316:tid 1920] mod_authz_core.c(815): [client 127.0.0.1:55266] AH01626: authorization result of Require local : granted
[Sat Apr 26 23:33:18.419430 2025] [authz_core:debug] [pid 28316:tid 1920] mod_authz_core.c(815): [client 127.0.0.1:55266] AH01626: authorization result of <RequireAny>: granted
[Sat Apr 26 23:33:19.640688 2025] [ssl:debug] [pid 28316:tid 1920] ssl_engine_kernel.c(415): [client 127.0.0.1:55266] AH02034: Subsequent (No.16) HTTPS request received for child 145 (server www.example.com:443)
[Sat Apr 26 23:33:19.641692 2025] [authz_core:debug] [pid 28316:tid 1920] mod_authz_core.c(815): [client 127.0.0.1:55266] AH01626: authorization result of Require local : granted
[Sat Apr 26 23:33:19.641692 2025] [authz_core:debug] [pid 28316:tid 1920] mod_authz_core.c(815): [client 127.0.0.1:55266] AH01626: authorization result of <RequireAny>: granted
[Sat Apr 26 23:33:19.649685 2025] [ssl:debug] [pid 28316:tid 1936] ssl_engine_kernel.c(415): [client 127.0.0.1:55230] AH02034: Subsequent (No.21) HTTPS request received for child 66 (server www.example.com:443)
[Sat Apr 26 23:33:19.650684 2025] [authz_core:debug] [pid 28316:tid 1936] mod_authz_core.c(815): [client 127.0.0.1:55230] AH01626: authorization result of Require local : granted
[Sat Apr 26 23:33:19.651682 2025] [authz_core:debug] [pid 28316:tid 1936] mod_authz_core.c(815): [client 127.0.0.1:55230] AH01626: authorization result of <RequireAny>: granted
[Sat Apr 26 23:33:19.654684 2025] [ssl:debug] [pid 28316:tid 1932] ssl_engine_kernel.c(415): [client 127.0.0.1:55262] AH02034: Subsequent (No.14) HTTPS request received for child 16 (server www.example.com:443)
[Sat Apr 26 23:33:19.655685 2025] [ssl:debug] [pid 28316:tid 1924] ssl_engine_kernel.c(415): [client 127.0.0.1:55265] AH02034: Subsequent (No.10) HTTPS request received for child 146 (server www.example.com:443)
[Sat Apr 26 23:33:19.657686 2025] [authz_core:debug] [pid 28316:tid 1932] mod_authz_core.c(815): [client 127.0.0.1:55262] AH01626: authorization result of Require local : granted
[Sat Apr 26 23:33:19.657686 2025] [authz_core:debug] [pid 28316:tid 1932] mod_authz_core.c(815): [client 127.0.0.1:55262] AH01626: authorization result of <RequireAny>: granted
[Sat Apr 26 23:33:19.658688 2025] [authz_core:debug] [pid 28316:tid 1924] mod_authz_core.c(815): [client 127.0.0.1:55265] AH01626: authorization result of Require local : granted
[Sat Apr 26 23:33:19.658688 2025] [authz_core:debug] [pid 28316:tid 1924] mod_authz_core.c(815): [client 127.0.0.1:55265] AH01626: authorization result of <RequireAny>: granted
[Sat Apr 26 23:33:19.828767 2025] [ssl:debug] [pid 28316:tid 1932] ssl_engine_kernel.c(415): [client 127.0.0.1:55262] AH02034: Subsequent (No.15) HTTPS request received for child 16 (server www.example.com:443)
[Sat Apr 26 23:33:19.829767 2025] [ssl:debug] [pid 28316:tid 1924] ssl_engine_kernel.c(415): [client 127.0.0.1:55265] AH02034: Subsequent (No.11) HTTPS request received for child 146 (server www.example.com:443), referer: https://localhost/phpmyadmin/themes/pmahomme/css/theme.css?v=5.2.1
[Sat Apr 26 23:33:19.830768 2025] [ssl:debug] [pid 28316:tid 1968] ssl_engine_kernel.c(415): [client 127.0.0.1:55263] AH02034: Subsequent (No.16) HTTPS request received for child 6 (server www.example.com:443), referer: https://localhost/phpmyadmin/themes/pmahomme/css/theme.css?v=5.2.1
[Sat Apr 26 23:33:19.830768 2025] [authz_core:debug] [pid 28316:tid 1932] mod_authz_core.c(815): [client 127.0.0.1:55262] AH01626: authorization result of Require local : granted
[Sat Apr 26 23:33:19.830768 2025] [authz_core:debug] [pid 28316:tid 1932] mod_authz_core.c(815): [client 127.0.0.1:55262] AH01626: authorization result of <RequireAny>: granted
[Sat Apr 26 23:33:19.831770 2025] [authz_core:debug] [pid 28316:tid 1924] mod_authz_core.c(815): [client 127.0.0.1:55265] AH01626: authorization result of Require local : granted, referer: https://localhost/phpmyadmin/themes/pmahomme/css/theme.css?v=5.2.1
[Sat Apr 26 23:33:19.831770 2025] [authz_core:debug] [pid 28316:tid 1924] mod_authz_core.c(815): [client 127.0.0.1:55265] AH01626: authorization result of <RequireAny>: granted, referer: https://localhost/phpmyadmin/themes/pmahomme/css/theme.css?v=5.2.1
[Sat Apr 26 23:33:19.832769 2025] [authz_core:debug] [pid 28316:tid 1968] mod_authz_core.c(815): [client 127.0.0.1:55263] AH01626: authorization result of Require local : granted, referer: https://localhost/phpmyadmin/themes/pmahomme/css/theme.css?v=5.2.1
[Sat Apr 26 23:33:19.832769 2025] [authz_core:debug] [pid 28316:tid 1968] mod_authz_core.c(815): [client 127.0.0.1:55263] AH01626: authorization result of <RequireAny>: granted, referer: https://localhost/phpmyadmin/themes/pmahomme/css/theme.css?v=5.2.1
[Sat Apr 26 23:33:19.833767 2025] [ssl:debug] [pid 28316:tid 1932] ssl_engine_kernel.c(415): [client 127.0.0.1:55262] AH02034: Subsequent (No.16) HTTPS request received for child 16 (server www.example.com:443), referer: https://localhost/phpmyadmin/themes/pmahomme/css/theme.css?v=5.2.1
[Sat Apr 26 23:33:19.833767 2025] [ssl:debug] [pid 28316:tid 1924] ssl_engine_kernel.c(415): [client 127.0.0.1:55265] AH02034: Subsequent (No.12) HTTPS request received for child 146 (server www.example.com:443), referer: https://localhost/phpmyadmin/themes/pmahomme/css/theme.css?v=5.2.1
[Sat Apr 26 23:33:19.834770 2025] [ssl:debug] [pid 28316:tid 1968] ssl_engine_kernel.c(415): [client 127.0.0.1:55263] AH02034: Subsequent (No.17) HTTPS request received for child 6 (server www.example.com:443), referer: https://localhost/phpmyadmin/themes/pmahomme/css/theme.css?v=5.2.1
[Sat Apr 26 23:33:19.835767 2025] [authz_core:debug] [pid 28316:tid 1932] mod_authz_core.c(815): [client 127.0.0.1:55262] AH01626: authorization result of Require local : granted, referer: https://localhost/phpmyadmin/themes/pmahomme/css/theme.css?v=5.2.1
[Sat Apr 26 23:33:19.835767 2025] [authz_core:debug] [pid 28316:tid 1932] mod_authz_core.c(815): [client 127.0.0.1:55262] AH01626: authorization result of <RequireAny>: granted, referer: https://localhost/phpmyadmin/themes/pmahomme/css/theme.css?v=5.2.1
[Sat Apr 26 23:33:19.835767 2025] [ssl:debug] [pid 28316:tid 1928] ssl_engine_kernel.c(415): [client 127.0.0.1:55264] AH02034: Subsequent (No.11) HTTPS request received for child 64 (server www.example.com:443), referer: https://localhost/phpmyadmin/themes/pmahomme/css/theme.css?v=5.2.1
[Sat Apr 26 23:33:19.836768 2025] [authz_core:debug] [pid 28316:tid 1924] mod_authz_core.c(815): [client 127.0.0.1:55265] AH01626: authorization result of Require local : granted, referer: https://localhost/phpmyadmin/themes/pmahomme/css/theme.css?v=5.2.1
[Sat Apr 26 23:33:19.836768 2025] [authz_core:debug] [pid 28316:tid 1924] mod_authz_core.c(815): [client 127.0.0.1:55265] AH01626: authorization result of <RequireAny>: granted, referer: https://localhost/phpmyadmin/themes/pmahomme/css/theme.css?v=5.2.1
[Sat Apr 26 23:33:19.836768 2025] [authz_core:debug] [pid 28316:tid 1968] mod_authz_core.c(815): [client 127.0.0.1:55263] AH01626: authorization result of Require local : granted, referer: https://localhost/phpmyadmin/themes/pmahomme/css/theme.css?v=5.2.1
[Sat Apr 26 23:33:19.837768 2025] [authz_core:debug] [pid 28316:tid 1968] mod_authz_core.c(815): [client 127.0.0.1:55263] AH01626: authorization result of <RequireAny>: granted, referer: https://localhost/phpmyadmin/themes/pmahomme/css/theme.css?v=5.2.1
[Sat Apr 26 23:33:19.837768 2025] [ssl:debug] [pid 28316:tid 1932] ssl_engine_kernel.c(415): [client 127.0.0.1:55262] AH02034: Subsequent (No.17) HTTPS request received for child 16 (server www.example.com:443), referer: https://localhost/phpmyadmin/themes/pmahomme/css/theme.css?v=5.2.1
[Sat Apr 26 23:33:19.837768 2025] [authz_core:debug] [pid 28316:tid 1928] mod_authz_core.c(815): [client 127.0.0.1:55264] AH01626: authorization result of Require local : granted, referer: https://localhost/phpmyadmin/themes/pmahomme/css/theme.css?v=5.2.1
[Sat Apr 26 23:33:19.837768 2025] [authz_core:debug] [pid 28316:tid 1928] mod_authz_core.c(815): [client 127.0.0.1:55264] AH01626: authorization result of <RequireAny>: granted, referer: https://localhost/phpmyadmin/themes/pmahomme/css/theme.css?v=5.2.1
[Sat Apr 26 23:33:19.839767 2025] [authz_core:debug] [pid 28316:tid 1932] mod_authz_core.c(815): [client 127.0.0.1:55262] AH01626: authorization result of Require local : granted, referer: https://localhost/phpmyadmin/themes/pmahomme/css/theme.css?v=5.2.1
[Sat Apr 26 23:33:19.839767 2025] [authz_core:debug] [pid 28316:tid 1932] mod_authz_core.c(815): [client 127.0.0.1:55262] AH01626: authorization result of <RequireAny>: granted, referer: https://localhost/phpmyadmin/themes/pmahomme/css/theme.css?v=5.2.1
[Sat Apr 26 23:33:19.843769 2025] [ssl:debug] [pid 28316:tid 1932] ssl_engine_kernel.c(415): [client 127.0.0.1:55262] AH02034: Subsequent (No.18) HTTPS request received for child 16 (server www.example.com:443), referer: https://localhost/phpmyadmin/themes/pmahomme/css/theme.css?v=5.2.1
[Sat Apr 26 23:33:19.843769 2025] [ssl:debug] [pid 28316:tid 1924] ssl_engine_kernel.c(415): [client 127.0.0.1:55265] AH02034: Subsequent (No.13) HTTPS request received for child 146 (server www.example.com:443), referer: https://localhost/phpmyadmin/themes/pmahomme/css/theme.css?v=5.2.1
[Sat Apr 26 23:33:19.844767 2025] [ssl:debug] [pid 28316:tid 1968] ssl_engine_kernel.c(415): [client 127.0.0.1:55263] AH02034: Subsequent (No.18) HTTPS request received for child 6 (server www.example.com:443), referer: https://localhost/phpmyadmin/themes/pmahomme/css/theme.css?v=5.2.1
[Sat Apr 26 23:33:19.844767 2025] [ssl:debug] [pid 28316:tid 1928] ssl_engine_kernel.c(415): [client 127.0.0.1:55264] AH02034: Subsequent (No.12) HTTPS request received for child 64 (server www.example.com:443), referer: https://localhost/phpmyadmin/themes/pmahomme/css/theme.css?v=5.2.1
[Sat Apr 26 23:33:19.845768 2025] [authz_core:debug] [pid 28316:tid 1932] mod_authz_core.c(815): [client 127.0.0.1:55262] AH01626: authorization result of Require local : granted, referer: https://localhost/phpmyadmin/themes/pmahomme/css/theme.css?v=5.2.1
[Sat Apr 26 23:33:19.845768 2025] [authz_core:debug] [pid 28316:tid 1932] mod_authz_core.c(815): [client 127.0.0.1:55262] AH01626: authorization result of <RequireAny>: granted, referer: https://localhost/phpmyadmin/themes/pmahomme/css/theme.css?v=5.2.1
[Sat Apr 26 23:33:19.846767 2025] [authz_core:debug] [pid 28316:tid 1924] mod_authz_core.c(815): [client 127.0.0.1:55265] AH01626: authorization result of Require local : granted, referer: https://localhost/phpmyadmin/themes/pmahomme/css/theme.css?v=5.2.1
[Sat Apr 26 23:33:19.846767 2025] [authz_core:debug] [pid 28316:tid 1924] mod_authz_core.c(815): [client 127.0.0.1:55265] AH01626: authorization result of <RequireAny>: granted, referer: https://localhost/phpmyadmin/themes/pmahomme/css/theme.css?v=5.2.1
[Sat Apr 26 23:33:19.846767 2025] [ssl:debug] [pid 28316:tid 1932] ssl_engine_kernel.c(415): [client 127.0.0.1:55262] AH02034: Subsequent (No.19) HTTPS request received for child 16 (server www.example.com:443), referer: https://localhost/phpmyadmin/themes/pmahomme/css/theme.css?v=5.2.1
[Sat Apr 26 23:33:19.846767 2025] [authz_core:debug] [pid 28316:tid 1968] mod_authz_core.c(815): [client 127.0.0.1:55263] AH01626: authorization result of Require local : granted, referer: https://localhost/phpmyadmin/themes/pmahomme/css/theme.css?v=5.2.1
[Sat Apr 26 23:33:19.846767 2025] [authz_core:debug] [pid 28316:tid 1968] mod_authz_core.c(815): [client 127.0.0.1:55263] AH01626: authorization result of <RequireAny>: granted, referer: https://localhost/phpmyadmin/themes/pmahomme/css/theme.css?v=5.2.1
[Sat Apr 26 23:33:19.846767 2025] [ssl:debug] [pid 28316:tid 1924] ssl_engine_kernel.c(415): [client 127.0.0.1:55265] AH02034: Subsequent (No.14) HTTPS request received for child 146 (server www.example.com:443), referer: https://localhost/phpmyadmin/themes/pmahomme/css/theme.css?v=5.2.1
[Sat Apr 26 23:33:19.847769 2025] [authz_core:debug] [pid 28316:tid 1928] mod_authz_core.c(815): [client 127.0.0.1:55264] AH01626: authorization result of Require local : granted, referer: https://localhost/phpmyadmin/themes/pmahomme/css/theme.css?v=5.2.1
[Sat Apr 26 23:33:19.847769 2025] [authz_core:debug] [pid 28316:tid 1928] mod_authz_core.c(815): [client 127.0.0.1:55264] AH01626: authorization result of <RequireAny>: granted, referer: https://localhost/phpmyadmin/themes/pmahomme/css/theme.css?v=5.2.1
[Sat Apr 26 23:33:19.848770 2025] [ssl:debug] [pid 28316:tid 1928] ssl_engine_kernel.c(415): [client 127.0.0.1:55264] AH02034: Subsequent (No.13) HTTPS request received for child 64 (server www.example.com:443), referer: https://localhost/phpmyadmin/themes/pmahomme/css/theme.css?v=5.2.1
[Sat Apr 26 23:33:19.848770 2025] [authz_core:debug] [pid 28316:tid 1932] mod_authz_core.c(815): [client 127.0.0.1:55262] AH01626: authorization result of Require local : granted, referer: https://localhost/phpmyadmin/themes/pmahomme/css/theme.css?v=5.2.1
[Sat Apr 26 23:33:19.848770 2025] [authz_core:debug] [pid 28316:tid 1932] mod_authz_core.c(815): [client 127.0.0.1:55262] AH01626: authorization result of <RequireAny>: granted, referer: https://localhost/phpmyadmin/themes/pmahomme/css/theme.css?v=5.2.1
[Sat Apr 26 23:33:19.848770 2025] [authz_core:debug] [pid 28316:tid 1924] mod_authz_core.c(815): [client 127.0.0.1:55265] AH01626: authorization result of Require local : granted, referer: https://localhost/phpmyadmin/themes/pmahomme/css/theme.css?v=5.2.1
[Sat Apr 26 23:33:19.848770 2025] [authz_core:debug] [pid 28316:tid 1924] mod_authz_core.c(815): [client 127.0.0.1:55265] AH01626: authorization result of <RequireAny>: granted, referer: https://localhost/phpmyadmin/themes/pmahomme/css/theme.css?v=5.2.1
[Sat Apr 26 23:33:19.849768 2025] [ssl:debug] [pid 28316:tid 1968] ssl_engine_kernel.c(415): [client 127.0.0.1:55263] AH02034: Subsequent (No.19) HTTPS request received for child 6 (server www.example.com:443), referer: https://localhost/phpmyadmin/themes/pmahomme/css/theme.css?v=5.2.1
[Sat Apr 26 23:33:19.849768 2025] [ssl:debug] [pid 28316:tid 1932] ssl_engine_kernel.c(415): [client 127.0.0.1:55262] AH02034: Subsequent (No.20) HTTPS request received for child 16 (server www.example.com:443), referer: https://localhost/phpmyadmin/themes/pmahomme/css/theme.css?v=5.2.1
[Sat Apr 26 23:33:19.849768 2025] [ssl:debug] [pid 28316:tid 1924] ssl_engine_kernel.c(415): [client 127.0.0.1:55265] AH02034: Subsequent (No.15) HTTPS request received for child 146 (server www.example.com:443), referer: https://localhost/phpmyadmin/themes/pmahomme/css/theme.css?v=5.2.1
[Sat Apr 26 23:33:19.850770 2025] [authz_core:debug] [pid 28316:tid 1928] mod_authz_core.c(815): [client 127.0.0.1:55264] AH01626: authorization result of Require local : granted, referer: https://localhost/phpmyadmin/themes/pmahomme/css/theme.css?v=5.2.1
[Sat Apr 26 23:33:19.850770 2025] [authz_core:debug] [pid 28316:tid 1928] mod_authz_core.c(815): [client 127.0.0.1:55264] AH01626: authorization result of <RequireAny>: granted, referer: https://localhost/phpmyadmin/themes/pmahomme/css/theme.css?v=5.2.1
[Sat Apr 26 23:33:19.850770 2025] [authz_core:debug] [pid 28316:tid 1968] mod_authz_core.c(815): [client 127.0.0.1:55263] AH01626: authorization result of Require local : granted, referer: https://localhost/phpmyadmin/themes/pmahomme/css/theme.css?v=5.2.1
[Sat Apr 26 23:33:19.850770 2025] [authz_core:debug] [pid 28316:tid 1968] mod_authz_core.c(815): [client 127.0.0.1:55263] AH01626: authorization result of <RequireAny>: granted, referer: https://localhost/phpmyadmin/themes/pmahomme/css/theme.css?v=5.2.1
[Sat Apr 26 23:33:19.851769 2025] [authz_core:debug] [pid 28316:tid 1932] mod_authz_core.c(815): [client 127.0.0.1:55262] AH01626: authorization result of Require local : granted, referer: https://localhost/phpmyadmin/themes/pmahomme/css/theme.css?v=5.2.1
[Sat Apr 26 23:33:19.851769 2025] [authz_core:debug] [pid 28316:tid 1932] mod_authz_core.c(815): [client 127.0.0.1:55262] AH01626: authorization result of <RequireAny>: granted, referer: https://localhost/phpmyadmin/themes/pmahomme/css/theme.css?v=5.2.1
[Sat Apr 26 23:33:19.852773 2025] [ssl:debug] [pid 28316:tid 1928] ssl_engine_kernel.c(415): [client 127.0.0.1:55264] AH02034: Subsequent (No.14) HTTPS request received for child 64 (server www.example.com:443), referer: https://localhost/phpmyadmin/themes/pmahomme/css/theme.css?v=5.2.1
[Sat Apr 26 23:33:19.853770 2025] [authz_core:debug] [pid 28316:tid 1924] mod_authz_core.c(815): [client 127.0.0.1:55265] AH01626: authorization result of Require local : granted, referer: https://localhost/phpmyadmin/themes/pmahomme/css/theme.css?v=5.2.1
[Sat Apr 26 23:33:19.853770 2025] [authz_core:debug] [pid 28316:tid 1924] mod_authz_core.c(815): [client 127.0.0.1:55265] AH01626: authorization result of <RequireAny>: granted, referer: https://localhost/phpmyadmin/themes/pmahomme/css/theme.css?v=5.2.1
[Sat Apr 26 23:33:19.854772 2025] [authz_core:debug] [pid 28316:tid 1928] mod_authz_core.c(815): [client 127.0.0.1:55264] AH01626: authorization result of Require local : granted, referer: https://localhost/phpmyadmin/themes/pmahomme/css/theme.css?v=5.2.1
[Sat Apr 26 23:33:19.854772 2025] [authz_core:debug] [pid 28316:tid 1928] mod_authz_core.c(815): [client 127.0.0.1:55264] AH01626: authorization result of <RequireAny>: granted, referer: https://localhost/phpmyadmin/themes/pmahomme/css/theme.css?v=5.2.1
[Sat Apr 26 23:33:20.185401 2025] [ssl:debug] [pid 28316:tid 1936] ssl_engine_kernel.c(415): [client 127.0.0.1:55230] AH02034: Subsequent (No.22) HTTPS request received for child 66 (server www.example.com:443), referer: https://localhost/phpmyadmin/themes/pmahomme/css/theme.css?v=5.2.1
[Sat Apr 26 23:33:20.187402 2025] [authz_core:debug] [pid 28316:tid 1936] mod_authz_core.c(815): [client 127.0.0.1:55230] AH01626: authorization result of Require local : granted, referer: https://localhost/phpmyadmin/themes/pmahomme/css/theme.css?v=5.2.1
[Sat Apr 26 23:33:20.187402 2025] [authz_core:debug] [pid 28316:tid 1936] mod_authz_core.c(815): [client 127.0.0.1:55230] AH01626: authorization result of <RequireAny>: granted, referer: https://localhost/phpmyadmin/themes/pmahomme/css/theme.css?v=5.2.1
[Sat Apr 26 23:33:20.420903 2025] [ssl:debug] [pid 28316:tid 1920] ssl_engine_kernel.c(415): [client 127.0.0.1:55266] AH02034: Subsequent (No.17) HTTPS request received for child 145 (server www.example.com:443)
[Sat Apr 26 23:33:20.421903 2025] [authz_core:debug] [pid 28316:tid 1920] mod_authz_core.c(815): [client 127.0.0.1:55266] AH01626: authorization result of Require local : granted
[Sat Apr 26 23:33:20.421903 2025] [authz_core:debug] [pid 28316:tid 1920] mod_authz_core.c(815): [client 127.0.0.1:55266] AH01626: authorization result of <RequireAny>: granted
[Sat Apr 26 23:33:23.388090 2025] [ssl:debug] [pid 28316:tid 1920] ssl_engine_kernel.c(415): [client 127.0.0.1:55266] AH02034: Subsequent (No.18) HTTPS request received for child 145 (server www.example.com:443), referer: https://localhost/phpmyadmin/themes/pmahomme/jquery/jquery-ui.css
[Sat Apr 26 23:33:23.388090 2025] [ssl:debug] [pid 28316:tid 1936] ssl_engine_kernel.c(415): [client 127.0.0.1:55230] AH02034: Subsequent (No.23) HTTPS request received for child 66 (server www.example.com:443), referer: https://localhost/phpmyadmin/themes/pmahomme/jquery/jquery-ui.css
[Sat Apr 26 23:33:23.391089 2025] [authz_core:debug] [pid 28316:tid 1936] mod_authz_core.c(815): [client 127.0.0.1:55230] AH01626: authorization result of Require local : granted, referer: https://localhost/phpmyadmin/themes/pmahomme/jquery/jquery-ui.css
[Sat Apr 26 23:33:23.391089 2025] [authz_core:debug] [pid 28316:tid 1936] mod_authz_core.c(815): [client 127.0.0.1:55230] AH01626: authorization result of <RequireAny>: granted, referer: https://localhost/phpmyadmin/themes/pmahomme/jquery/jquery-ui.css
[Sat Apr 26 23:33:23.391089 2025] [authz_core:debug] [pid 28316:tid 1920] mod_authz_core.c(815): [client 127.0.0.1:55266] AH01626: authorization result of Require local : granted, referer: https://localhost/phpmyadmin/themes/pmahomme/jquery/jquery-ui.css
[Sat Apr 26 23:33:23.391089 2025] [authz_core:debug] [pid 28316:tid 1920] mod_authz_core.c(815): [client 127.0.0.1:55266] AH01626: authorization result of <RequireAny>: granted, referer: https://localhost/phpmyadmin/themes/pmahomme/jquery/jquery-ui.css
[Sat Apr 26 23:33:23.398093 2025] [ssl:debug] [pid 28316:tid 1920] ssl_engine_kernel.c(415): [client 127.0.0.1:55266] AH02034: Subsequent (No.19) HTTPS request received for child 145 (server www.example.com:443)
[Sat Apr 26 23:33:23.399092 2025] [authz_core:debug] [pid 28316:tid 1920] mod_authz_core.c(815): [client 127.0.0.1:55266] AH01626: authorization result of Require local : granted
[Sat Apr 26 23:33:23.399092 2025] [authz_core:debug] [pid 28316:tid 1920] mod_authz_core.c(815): [client 127.0.0.1:55266] AH01626: authorization result of <RequireAny>: granted
[Sat Apr 26 23:33:24.594262 2025] [ssl:debug] [pid 28316:tid 1920] ssl_engine_kernel.c(415): [client 127.0.0.1:55266] AH02034: Subsequent (No.20) HTTPS request received for child 145 (server www.example.com:443)
[Sat Apr 26 23:33:24.596263 2025] [authz_core:debug] [pid 28316:tid 1920] mod_authz_core.c(815): [client 127.0.0.1:55266] AH01626: authorization result of Require local : granted
[Sat Apr 26 23:33:24.596263 2025] [authz_core:debug] [pid 28316:tid 1920] mod_authz_core.c(815): [client 127.0.0.1:55266] AH01626: authorization result of <RequireAny>: granted
[Sat Apr 26 23:33:24.867240 2025] [ssl:debug] [pid 28316:tid 1932] ssl_engine_io.c(1147): [client 127.0.0.1:55262] AH02001: Connection closed to child 16 with standard shutdown (server www.example.com:443)
[Sat Apr 26 23:33:24.867240 2025] [ssl:debug] [pid 28316:tid 1924] ssl_engine_io.c(1147): [client 127.0.0.1:55265] AH02001: Connection closed to child 146 with standard shutdown (server www.example.com:443)
[Sat Apr 26 23:33:24.867240 2025] [ssl:debug] [pid 28316:tid 1928] ssl_engine_io.c(1147): [client 127.0.0.1:55264] AH02001: Connection closed to child 64 with standard shutdown (server www.example.com:443)
[Sat Apr 26 23:33:24.867240 2025] [ssl:debug] [pid 28316:tid 1968] ssl_engine_io.c(1147): [client 127.0.0.1:55263] AH02001: Connection closed to child 6 with standard shutdown (server www.example.com:443)
[Sat Apr 26 23:33:25.316474 2025] [ssl:debug] [pid 28316:tid 1920] ssl_engine_kernel.c(415): [client 127.0.0.1:55266] AH02034: Subsequent (No.21) HTTPS request received for child 145 (server www.example.com:443), referer: https://localhost/phpmyadmin/themes/pmahomme/css/theme.css?v=5.2.1
[Sat Apr 26 23:33:25.317467 2025] [ssl:debug] [pid 28316:tid 1936] ssl_engine_kernel.c(415): [client 127.0.0.1:55230] AH02034: Subsequent (No.24) HTTPS request received for child 66 (server www.example.com:443)
[Sat Apr 26 23:33:25.319468 2025] [authz_core:debug] [pid 28316:tid 1936] mod_authz_core.c(815): [client 127.0.0.1:55230] AH01626: authorization result of Require local : granted
[Sat Apr 26 23:33:25.319468 2025] [authz_core:debug] [pid 28316:tid 1936] mod_authz_core.c(815): [client 127.0.0.1:55230] AH01626: authorization result of <RequireAny>: granted
[Sat Apr 26 23:33:25.320468 2025] [authz_core:debug] [pid 28316:tid 1920] mod_authz_core.c(815): [client 127.0.0.1:55266] AH01626: authorization result of Require local : granted, referer: https://localhost/phpmyadmin/themes/pmahomme/css/theme.css?v=5.2.1
[Sat Apr 26 23:33:25.320468 2025] [authz_core:debug] [pid 28316:tid 1920] mod_authz_core.c(815): [client 127.0.0.1:55266] AH01626: authorization result of <RequireAny>: granted, referer: https://localhost/phpmyadmin/themes/pmahomme/css/theme.css?v=5.2.1
[Sat Apr 26 23:33:30.332578 2025] [ssl:debug] [pid 28316:tid 1920] ssl_engine_io.c(1147): [client 127.0.0.1:55266] AH02001: Connection closed to child 145 with standard shutdown (server www.example.com:443)
[Sat Apr 26 23:33:30.886205 2025] [ssl:debug] [pid 28316:tid 1936] ssl_engine_io.c(1147): [client 127.0.0.1:55230] AH02001: Connection closed to child 66 with standard shutdown (server www.example.com:443)
[Sat Apr 26 23:40:18.958197 2025] [authz_core:debug] [pid 28316:tid 1936] mod_authz_core.c(815): [client 41.186.173.127:59375] AH01626: authorization result of Require all granted: granted
[Sat Apr 26 23:40:18.959197 2025] [authz_core:debug] [pid 28316:tid 1936] mod_authz_core.c(815): [client 41.186.173.127:59375] AH01626: authorization result of <RequireAny>: granted
[Sat Apr 26 23:40:18.967196 2025] [authz_core:debug] [pid 28316:tid 1936] mod_authz_core.c(815): [client 41.186.173.127:59375] AH01626: authorization result of Require all granted: granted
[Sat Apr 26 23:40:18.967196 2025] [authz_core:debug] [pid 28316:tid 1936] mod_authz_core.c(815): [client 41.186.173.127:59375] AH01626: authorization result of <RequireAny>: granted
[Sat Apr 26 23:40:19.096868 2025] [php:error] [pid 28316:tid 1936] [client 41.186.173.127:59375] PHP Fatal error:  Uncaught mysqli_sql_exception: Can't create database 'mfa'; database exists in C:\\xampp\\htdocs\\mfa\\seeder\\seeder.php:17\nStack trace:\n#0 C:\\xampp\\htdocs\\mfa\\seeder\\seeder.php(17): mysqli_query(Object(mysqli), 'CREATE database...')\n#1 C:\\xampp\\htdocs\\mfa\\index.php(28): require_once('C:\\\\xampp\\\\htdocs...')\n#2 {main}\n  thrown in C:\\xampp\\htdocs\\mfa\\seeder\\seeder.php on line 17
[Sat Apr 26 23:40:19.619534 2025] [core:debug] [pid 28316:tid 1920] protocol.c(511): NULL bytes in header (98 bytes)
[Sat Apr 26 23:40:19.620535 2025] [core:debug] [pid 28316:tid 1920] protocol.c(511): ....O...K..h.[!A 160301074f0100074b030368db5b2141
[Sat Apr 26 23:40:19.620535 2025] [core:debug] [pid 28316:tid 1920] protocol.c(511): ...,.O......d{P. b21d012cdc4faecf84d8e289647b50c1
[Sat Apr 26 23:40:19.620535 2025] [core:debug] [pid 28316:tid 1920] protocol.c(511): "...~..c.2. .... 22aff1f57edcb0632e321520c29df819
[Sat Apr 26 23:40:19.620535 2025] [core:debug] [pid 28316:tid 1920] protocol.c(511): Z.)*V2./..Z<.).. 5a0c292a5632812ffe825a3cc529a4f4
[Sat Apr 26 23:40:19.620535 2025] [core:debug] [pid 28316:tid 1920] protocol.c(511): ...wl..v..9N.".. b5d786776ceac676d907394e00221301
[Sat Apr 26 23:40:19.620535 2025] [core:debug] [pid 28316:tid 1920] protocol.c(511): .....+./.....,.0 13031302c02bc02fcca9cca8c02cc030
[Sat Apr 26 23:40:19.620535 2025] [core:debug] [pid 28316:tid 1920] protocol.c(511): ..               c00a                            
[Sat Apr 26 23:40:19.620535 2025] [core:debug] [pid 28316:tid 1920] protocol.c(1449): [client 41.186.173.127:59414] AH00566: request failed: malformed request line
[Sat Apr 26 23:40:19.658538 2025] [core:debug] [pid 28316:tid 1920] protocol.c(511): NULL bytes in header (98 bytes)
[Sat Apr 26 23:40:19.658538 2025] [core:debug] [pid 28316:tid 1920] protocol.c(511): ....~...z....@.; 160301027e0100027a030317bf407f3b
[Sat Apr 26 23:40:19.658538 2025] [core:debug] [pid 28316:tid 1920] protocol.c(511): ..W~..z7..j..... a1df577ec3847a37a7f56a05b6069a1b
[Sat Apr 26 23:40:19.658538 2025] [core:debug] [pid 28316:tid 1920] protocol.c(511): V..Dn..&S.. q0p. 56add6446e0cac265306ec20713070ef
[Sat Apr 26 23:40:19.658538 2025] [core:debug] [pid 28316:tid 1920] protocol.c(511): *....B.@w..}.8>. 2acbaa017f42c640771e137d82383ed8
[Sat Apr 26 23:40:19.658538 2025] [core:debug] [pid 28316:tid 1920] protocol.c(511): .I...~.6.....".. f349f6cc107e8a365cafb5a100221301
[Sat Apr 26 23:40:19.658538 2025] [core:debug] [pid 28316:tid 1920] protocol.c(511): .....+./.....,.0 13031302c02bc02fcca9cca8c02cc030
[Sat Apr 26 23:40:19.658538 2025] [core:debug] [pid 28316:tid 1920] protocol.c(511): ..               c00a                            
[Sat Apr 26 23:40:19.658538 2025] [core:debug] [pid 28316:tid 1920] protocol.c(1449): [client 41.186.173.127:59415] AH00566: request failed: malformed request line
[Sat Apr 26 23:40:27.180686 2025] [ssl:info] [pid 28316:tid 1936] [client 127.0.0.1:59492] AH01964: Connection to child 66 established (server www.example.com:443)
[Sat Apr 26 23:40:27.222868 2025] [ssl:debug] [pid 28316:tid 1936] ssl_engine_kernel.c(2403): [client 127.0.0.1:59492] AH02044: No matching SSL virtual host for servername localhost found (using default/first virtual host)
[Sat Apr 26 23:40:27.235846 2025] [core:debug] [pid 28316:tid 1936] protocol.c(2460): [client 127.0.0.1:59492] AH03155: select protocol from , choices=h2,http/1.1 for server www.example.com
[Sat Apr 26 23:40:27.266842 2025] [ssl:debug] [pid 28316:tid 1936] ssl_engine_kernel.c(2254): [client 127.0.0.1:59492] AH02041: Protocol: TLSv1.3, Cipher: TLS_AES_256_GCM_SHA384 (256/256 bits)
[Sat Apr 26 23:40:27.266842 2025] [socache_shmcb:debug] [pid 28316:tid 1936] mod_socache_shmcb.c(508): AH00831: socache_shmcb_store (0x74 -> subcache 20)
[Sat Apr 26 23:40:27.266842 2025] [socache_shmcb:debug] [pid 28316:tid 1936] mod_socache_shmcb.c(862): AH00847: insert happened at idx=0, data=(0:32)
[Sat Apr 26 23:40:27.266842 2025] [socache_shmcb:debug] [pid 28316:tid 1936] mod_socache_shmcb.c(865): AH00848: finished insert, subcache: idx_pos/idx_used=0/1, data_pos/data_used=0/206
[Sat Apr 26 23:40:27.266842 2025] [socache_shmcb:debug] [pid 28316:tid 1936] mod_socache_shmcb.c(530): AH00834: leaving socache_shmcb_store successfully
[Sat Apr 26 23:40:27.267842 2025] [socache_shmcb:debug] [pid 28316:tid 1936] mod_socache_shmcb.c(508): AH00831: socache_shmcb_store (0x90 -> subcache 16)
[Sat Apr 26 23:40:27.267842 2025] [socache_shmcb:debug] [pid 28316:tid 1936] mod_socache_shmcb.c(745): AH00842: expiring 1 and reclaiming 0 removed socache entries
[Sat Apr 26 23:40:27.267842 2025] [socache_shmcb:debug] [pid 28316:tid 1936] mod_socache_shmcb.c(765): AH00843: we now have 0 socache entries
[Sat Apr 26 23:40:27.267842 2025] [socache_shmcb:debug] [pid 28316:tid 1936] mod_socache_shmcb.c(862): AH00847: insert happened at idx=0, data=(0:32)
[Sat Apr 26 23:40:27.267842 2025] [socache_shmcb:debug] [pid 28316:tid 1936] mod_socache_shmcb.c(865): AH00848: finished insert, subcache: idx_pos/idx_used=0/1, data_pos/data_used=0/205
[Sat Apr 26 23:40:27.267842 2025] [socache_shmcb:debug] [pid 28316:tid 1936] mod_socache_shmcb.c(530): AH00834: leaving socache_shmcb_store successfully
[Sat Apr 26 23:40:27.349360 2025] [ssl:debug] [pid 28316:tid 1936] ssl_engine_kernel.c(415): [client 127.0.0.1:59492] AH02034: Initial (No.1) HTTPS request received for child 66 (server www.example.com:443)
[Sat Apr 26 23:40:27.353360 2025] [authz_core:debug] [pid 28316:tid 1936] mod_authz_core.c(815): [client 127.0.0.1:59492] AH01626: authorization result of Require local : granted
[Sat Apr 26 23:40:27.354364 2025] [authz_core:debug] [pid 28316:tid 1936] mod_authz_core.c(815): [client 127.0.0.1:59492] AH01626: authorization result of <RequireAny>: granted
[Sat Apr 26 23:40:28.970866 2025] [ssl:debug] [pid 28316:tid 1936] ssl_engine_kernel.c(415): [client 127.0.0.1:59492] AH02034: Subsequent (No.2) HTTPS request received for child 66 (server www.example.com:443)
[Sat Apr 26 23:40:28.972863 2025] [authz_core:debug] [pid 28316:tid 1936] mod_authz_core.c(815): [client 127.0.0.1:59492] AH01626: authorization result of Require local : granted
[Sat Apr 26 23:40:28.972863 2025] [authz_core:debug] [pid 28316:tid 1936] mod_authz_core.c(815): [client 127.0.0.1:59492] AH01626: authorization result of <RequireAny>: granted
[Sat Apr 26 23:40:29.029374 2025] [ssl:info] [pid 28316:tid 1920] [client 127.0.0.1:59514] AH01964: Connection to child 145 established (server www.example.com:443)
[Sat Apr 26 23:40:29.030372 2025] [ssl:debug] [pid 28316:tid 1920] ssl_engine_kernel.c(2403): [client 127.0.0.1:59514] AH02044: No matching SSL virtual host for servername localhost found (using default/first virtual host)
[Sat Apr 26 23:40:29.030372 2025] [core:debug] [pid 28316:tid 1920] protocol.c(2460): [client 127.0.0.1:59514] AH03155: select protocol from , choices=h2,http/1.1 for server www.example.com
[Sat Apr 26 23:40:29.033377 2025] [ssl:debug] [pid 28316:tid 1920] ssl_engine_kernel.c(2254): [client 127.0.0.1:59514] AH02041: Protocol: TLSv1.3, Cipher: TLS_AES_256_GCM_SHA384 (256/256 bits)
[Sat Apr 26 23:40:29.033377 2025] [socache_shmcb:debug] [pid 28316:tid 1920] mod_socache_shmcb.c(508): AH00831: socache_shmcb_store (0x23 -> subcache 3)
[Sat Apr 26 23:40:29.033377 2025] [socache_shmcb:debug] [pid 28316:tid 1920] mod_socache_shmcb.c(862): AH00847: insert happened at idx=0, data=(0:32)
[Sat Apr 26 23:40:29.033377 2025] [socache_shmcb:debug] [pid 28316:tid 1920] mod_socache_shmcb.c(865): AH00848: finished insert, subcache: idx_pos/idx_used=0/1, data_pos/data_used=0/205
[Sat Apr 26 23:40:29.033377 2025] [socache_shmcb:debug] [pid 28316:tid 1920] mod_socache_shmcb.c(530): AH00834: leaving socache_shmcb_store successfully
[Sat Apr 26 23:40:29.034375 2025] [ssl:debug] [pid 28316:tid 1920] ssl_engine_kernel.c(415): [client 127.0.0.1:59514] AH02034: Initial (No.1) HTTPS request received for child 145 (server www.example.com:443), referer: https://localhost/phpmyadmin/themes/pmahomme/css/theme.css?v=5.2.1
[Sat Apr 26 23:40:29.042744 2025] [authz_core:debug] [pid 28316:tid 1920] mod_authz_core.c(815): [client 127.0.0.1:59514] AH01626: authorization result of Require local : granted, referer: https://localhost/phpmyadmin/themes/pmahomme/css/theme.css?v=5.2.1
[Sat Apr 26 23:40:29.042744 2025] [authz_core:debug] [pid 28316:tid 1920] mod_authz_core.c(815): [client 127.0.0.1:59514] AH01626: authorization result of <RequireAny>: granted, referer: https://localhost/phpmyadmin/themes/pmahomme/css/theme.css?v=5.2.1
[Sat Apr 26 23:40:31.179337 2025] [ssl:debug] [pid 28316:tid 1936] ssl_engine_kernel.c(415): [client 127.0.0.1:59492] AH02034: Subsequent (No.3) HTTPS request received for child 66 (server www.example.com:443)
[Sat Apr 26 23:40:31.180337 2025] [authz_core:debug] [pid 28316:tid 1936] mod_authz_core.c(815): [client 127.0.0.1:59492] AH01626: authorization result of Require local : granted
[Sat Apr 26 23:40:31.180337 2025] [authz_core:debug] [pid 28316:tid 1936] mod_authz_core.c(815): [client 127.0.0.1:59492] AH01626: authorization result of <RequireAny>: granted
[Sat Apr 26 23:40:31.876078 2025] [ssl:debug] [pid 28316:tid 1920] ssl_engine_kernel.c(415): [client 127.0.0.1:59514] AH02034: Subsequent (No.2) HTTPS request received for child 145 (server www.example.com:443)
[Sat Apr 26 23:40:31.877081 2025] [authz_core:debug] [pid 28316:tid 1920] mod_authz_core.c(815): [client 127.0.0.1:59514] AH01626: authorization result of Require local : granted
[Sat Apr 26 23:40:31.877081 2025] [authz_core:debug] [pid 28316:tid 1920] mod_authz_core.c(815): [client 127.0.0.1:59514] AH01626: authorization result of <RequireAny>: granted
[Sat Apr 26 23:40:31.981508 2025] [ssl:debug] [pid 28316:tid 1936] ssl_engine_kernel.c(415): [client 127.0.0.1:59492] AH02034: Subsequent (No.4) HTTPS request received for child 66 (server www.example.com:443)
[Sat Apr 26 23:40:31.983519 2025] [ssl:info] [pid 28316:tid 1932] [client 127.0.0.1:59551] AH01964: Connection to child 16 established (server www.example.com:443)
[Sat Apr 26 23:40:31.984519 2025] [ssl:debug] [pid 28316:tid 1932] ssl_engine_kernel.c(2403): [client 127.0.0.1:59551] AH02044: No matching SSL virtual host for servername localhost found (using default/first virtual host)
[Sat Apr 26 23:40:31.984519 2025] [core:debug] [pid 28316:tid 1932] protocol.c(2460): [client 127.0.0.1:59551] AH03155: select protocol from , choices=h2,http/1.1 for server www.example.com
