[Sat Apr 26 23:31:51.037689 2025] [authz_core:debug] [pid 28316:tid 1936] mod_authz_core.c(815): [client 41.186.173.127:54427] AH01626: authorization result of <RequireAny>: granted, referer: http://41.186.173.127:8080/
[Sat Apr 26 23:31:51.038690 2025] [authz_core:debug] [pid 28316:tid 1936] mod_authz_core.c(815): [client 41.186.173.127:54427] AH01626: authorization result of Require all granted: granted, referer: http://41.186.173.127:8080/
[Sat Apr 26 23:31:51.038690 2025] [authz_core:debug] [pid 28316:tid 1936] mod_authz_core.c(815): [client 41.186.173.127:54427] AH01626: authorization result of <RequireAny>: granted, referer: http://41.186.173.127:8080/
[Sat Apr 26 23:33:10.993336 2025] [ssl:info] [pid 28316:tid 1936] [client 127.0.0.1:55230] AH01964: Connection to child 66 established (server www.example.com:443)
[Sat Apr 26 23:33:11.023868 2025] [ssl:debug] [pid 28316:tid 1936] ssl_engine_kernel.c(2403): [client 127.0.0.1:55230] AH02044: No matching SSL virtual host for servername localhost found (using default/first virtual host)
[Sat Apr 26 23:33:11.028875 2025] [core:debug] [pid 28316:tid 1936] protocol.c(2460): [client 127.0.0.1:55230] AH03155: select protocol from , choices=h2,http/1.1 for server www.example.com
[Sat Apr 26 23:33:11.056871 2025] [ssl:debug] [pid 28316:tid 1936] ssl_engine_kernel.c(2254): [client 127.0.0.1:55230] AH02041: Protocol: TLSv1.3, Cipher: TLS_AES_256_GCM_SHA384 (256/256 bits)
[Sat Apr 26 23:33:11.059875 2025] [socache_shmcb:debug] [pid 28316:tid 1936] mod_socache_shmcb.c(508): AH00831: socache_shmcb_store (0xc0 -> subcache 0)
[Sat Apr 26 23:33:11.059875 2025] [socache_shmcb:debug] [pid 28316:tid 1936] mod_socache_shmcb.c(862): AH00847: insert happened at idx=0, data=(0:32)
[Sat Apr 26 23:33:11.059875 2025] [socache_shmcb:debug] [pid 28316:tid 1936] mod_socache_shmcb.c(865): AH00848: finished insert, subcache: idx_pos/idx_used=0/1, data_pos/data_used=0/205
[Sat Apr 26 23:33:11.059875 2025] [socache_shmcb:debug] [pid 28316:tid 1936] mod_socache_shmcb.c(530): AH00834: leaving socache_shmcb_store successfully
[Sat Apr 26 23:33:11.060868 2025] [socache_shmcb:debug] [pid 28316:tid 1936] mod_socache_shmcb.c(508): AH00831: socache_shmcb_store (0x32 -> subcache 18)
[Sat Apr 26 23:33:11.060868 2025] [socache_shmcb:debug] [pid 28316:tid 1936] mod_socache_shmcb.c(862): AH00847: insert happened at idx=0, data=(0:32)
[Sat Apr 26 23:33:11.060868 2025] [socache_shmcb:debug] [pid 28316:tid 1936] mod_socache_shmcb.c(865): AH00848: finished insert, subcache: idx_pos/idx_used=0/1, data_pos/data_used=0/205
[Sat Apr 26 23:33:11.060868 2025] [socache_shmcb:debug] [pid 28316:tid 1936] mod_socache_shmcb.c(530): AH00834: leaving socache_shmcb_store successfully
[Sat Apr 26 23:33:11.061872 2025] [ssl:debug] [pid 28316:tid 1936] ssl_engine_kernel.c(415): [client 127.0.0.1:55230] AH02034: Initial (No.1) HTTPS request received for child 66 (server www.example.com:443)
[Sat Apr 26 23:33:11.068873 2025] [authz_core:debug] [pid 28316:tid 1936] mod_authz_core.c(815): [client 127.0.0.1:55230] AH01626: authorization result of Require local : granted
[Sat Apr 26 23:33:11.068873 2025] [authz_core:debug] [pid 28316:tid 1936] mod_authz_core.c(815): [client 127.0.0.1:55230] AH01626: authorization result of <RequireAny>: granted
[Sat Apr 26 23:33:11.072875 2025] [authz_core:debug] [pid 28316:tid 1936] mod_authz_core.c(815): [client 127.0.0.1:55230] AH01626: authorization result of Require local : granted
[Sat Apr 26 23:33:11.072875 2025] [authz_core:debug] [pid 28316:tid 1936] mod_authz_core.c(815): [client 127.0.0.1:55230] AH01626: authorization result of <RequireAny>: granted
[Sat Apr 26 23:33:14.186226 2025] [ssl:debug] [pid 28316:tid 1936] ssl_engine_kernel.c(415): [client 127.0.0.1:55230] AH02034: Subsequent (No.2) HTTPS request received for child 66 (server www.example.com:443)
[Sat Apr 26 23:33:14.191226 2025] [ssl:info] [pid 28316:tid 1932] [client 127.0.0.1:55262] AH01964: Connection to child 16 established (server www.example.com:443)
[Sat Apr 26 23:33:14.191226 2025] [authz_core:debug] [pid 28316:tid 1936] mod_authz_core.c(815): [client 127.0.0.1:55230] AH01626: authorization result of Require local : granted
[Sat Apr 26 23:33:14.191226 2025] [authz_core:debug] [pid 28316:tid 1936] mod_authz_core.c(815): [client 127.0.0.1:55230] AH01626: authorization result of <RequireAny>: granted
[Sat Apr 26 23:33:14.193226 2025] [ssl:info] [pid 28316:tid 1968] [client 127.0.0.1:55263] AH01964: Connection to child 6 established (server www.example.com:443)
[Sat Apr 26 23:33:14.194226 2025] [ssl:debug] [pid 28316:tid 1932] ssl_engine_kernel.c(2403): [client 127.0.0.1:55262] AH02044: No matching SSL virtual host for servername localhost found (using default/first virtual host)
[Sat Apr 26 23:33:14.195250 2025] [ssl:debug] [pid 28316:tid 1968] ssl_engine_kernel.c(2403): [client 127.0.0.1:55263] AH02044: No matching SSL virtual host for servername localhost found (using default/first virtual host)
[Sat Apr 26 23:33:14.196226 2025] [core:debug] [pid 28316:tid 1932] protocol.c(2460): [client 127.0.0.1:55262] AH03155: select protocol from , choices=h2,http/1.1 for server www.example.com
[Sat Apr 26 23:33:14.196226 2025] [core:debug] [pid 28316:tid 1968] protocol.c(2460): [client 127.0.0.1:55263] AH03155: select protocol from , choices=h2,http/1.1 for server www.example.com
[Sat Apr 26 23:33:14.199233 2025] [ssl:debug] [pid 28316:tid 1932] ssl_engine_kernel.c(2254): [client 127.0.0.1:55262] AH02041: Protocol: TLSv1.3, Cipher: TLS_AES_256_GCM_SHA384 (256/256 bits)
[Sat Apr 26 23:33:14.199233 2025] [socache_shmcb:debug] [pid 28316:tid 1932] mod_socache_shmcb.c(508): AH00831: socache_shmcb_store (0xf7 -> subcache 23)
[Sat Apr 26 23:33:14.199233 2025] [socache_shmcb:debug] [pid 28316:tid 1932] mod_socache_shmcb.c(862): AH00847: insert happened at idx=0, data=(0:32)
[Sat Apr 26 23:33:14.199233 2025] [socache_shmcb:debug] [pid 28316:tid 1932] mod_socache_shmcb.c(865): AH00848: finished insert, subcache: idx_pos/idx_used=0/1, data_pos/data_used=0/205
[Sat Apr 26 23:33:14.199233 2025] [socache_shmcb:debug] [pid 28316:tid 1932] mod_socache_shmcb.c(530): AH00834: leaving socache_shmcb_store successfully
[Sat Apr 26 23:33:14.200233 2025] [ssl:debug] [pid 28316:tid 1932] ssl_engine_kernel.c(415): [client 127.0.0.1:55262] AH02034: Initial (No.1) HTTPS request received for child 16 (server www.example.com:443)
[Sat Apr 26 23:33:14.201288 2025] [ssl:debug] [pid 28316:tid 1968] ssl_engine_kernel.c(2254): [client 127.0.0.1:55263] AH02041: Protocol: TLSv1.3, Cipher: TLS_AES_256_GCM_SHA384 (256/256 bits)
[Sat Apr 26 23:33:14.202233 2025] [socache_shmcb:debug] [pid 28316:tid 1968] mod_socache_shmcb.c(508): AH00831: socache_shmcb_store (0x36 -> subcache 22)
[Sat Apr 26 23:33:14.202233 2025] [socache_shmcb:debug] [pid 28316:tid 1968] mod_socache_shmcb.c(862): AH00847: insert happened at idx=0, data=(0:32)
[Sat Apr 26 23:33:14.202233 2025] [socache_shmcb:debug] [pid 28316:tid 1968] mod_socache_shmcb.c(865): AH00848: finished insert, subcache: idx_pos/idx_used=0/1, data_pos/data_used=0/205
[Sat Apr 26 23:33:14.202233 2025] [socache_shmcb:debug] [pid 28316:tid 1968] mod_socache_shmcb.c(530): AH00834: leaving socache_shmcb_store successfully
[Sat Apr 26 23:33:14.202233 2025] [ssl:debug] [pid 28316:tid 1936] ssl_engine_kernel.c(415): [client 127.0.0.1:55230] AH02034: Subsequent (No.3) HTTPS request received for child 66 (server www.example.com:443)
[Sat Apr 26 23:33:14.204233 2025] [ssl:debug] [pid 28316:tid 1968] ssl_engine_kernel.c(415): [client 127.0.0.1:55263] AH02034: Initial (No.1) HTTPS request received for child 6 (server www.example.com:443)
[Sat Apr 26 23:33:14.204233 2025] [authz_core:debug] [pid 28316:tid 1932] mod_authz_core.c(815): [client 127.0.0.1:55262] AH01626: authorization result of Require local : granted
[Sat Apr 26 23:33:14.204233 2025] [authz_core:debug] [pid 28316:tid 1932] mod_authz_core.c(815): [client 127.0.0.1:55262] AH01626: authorization result of <RequireAny>: granted
[Sat Apr 26 23:33:14.204233 2025] [authz_core:debug] [pid 28316:tid 1936] mod_authz_core.c(815): [client 127.0.0.1:55230] AH01626: authorization result of Require local : granted
[Sat Apr 26 23:33:14.204233 2025] [authz_core:debug] [pid 28316:tid 1936] mod_authz_core.c(815): [client 127.0.0.1:55230] AH01626: authorization result of <RequireAny>: granted
[Sat Apr 26 23:33:14.206233 2025] [authz_core:debug] [pid 28316:tid 1968] mod_authz_core.c(815): [client 127.0.0.1:55263] AH01626: authorization result of Require local : granted
[Sat Apr 26 23:33:14.206233 2025] [authz_core:debug] [pid 28316:tid 1968] mod_authz_core.c(815): [client 127.0.0.1:55263] AH01626: authorization result of <RequireAny>: granted
[Sat Apr 26 23:33:14.207233 2025] [ssl:debug] [pid 28316:tid 1936] ssl_engine_kernel.c(415): [client 127.0.0.1:55230] AH02034: Subsequent (No.4) HTTPS request received for child 66 (server www.example.com:443)
[Sat Apr 26 23:33:14.208234 2025] [ssl:debug] [pid 28316:tid 1932] ssl_engine_kernel.c(415): [client 127.0.0.1:55262] AH02034: Subsequent (No.2) HTTPS request received for child 16 (server www.example.com:443)
[Sat Apr 26 23:33:14.210232 2025] [authz_core:debug] [pid 28316:tid 1936] mod_authz_core.c(815): [client 127.0.0.1:55230] AH01626: authorization result of Require local : granted
[Sat Apr 26 23:33:14.210232 2025] [authz_core:debug] [pid 28316:tid 1936] mod_authz_core.c(815): [client 127.0.0.1:55230] AH01626: authorization result of <RequireAny>: granted
[Sat Apr 26 23:33:14.211233 2025] [authz_core:debug] [pid 28316:tid 1932] mod_authz_core.c(815): [client 127.0.0.1:55262] AH01626: authorization result of Require local : granted
[Sat Apr 26 23:33:14.211233 2025] [authz_core:debug] [pid 28316:tid 1932] mod_authz_core.c(815): [client 127.0.0.1:55262] AH01626: authorization result of <RequireAny>: granted
[Sat Apr 26 23:33:14.211233 2025] [ssl:debug] [pid 28316:tid 1968] ssl_engine_kernel.c(415): [client 127.0.0.1:55263] AH02034: Subsequent (No.2) HTTPS request received for child 6 (server www.example.com:443)
[Sat Apr 26 23:33:14.213433 2025] [ssl:info] [pid 28316:tid 1928] [client 127.0.0.1:55264] AH01964: Connection to child 64 established (server www.example.com:443)
[Sat Apr 26 23:33:14.215434 2025] [ssl:debug] [pid 28316:tid 1928] ssl_engine_kernel.c(2403): [client 127.0.0.1:55264] AH02044: No matching SSL virtual host for servername localhost found (using default/first virtual host)
[Sat Apr 26 23:33:14.215434 2025] [ssl:debug] [pid 28316:tid 1932] ssl_engine_kernel.c(415): [client 127.0.0.1:55262] AH02034: Subsequent (No.3) HTTPS request received for child 16 (server www.example.com:443)
[Sat Apr 26 23:33:14.215434 2025] [core:debug] [pid 28316:tid 1928] protocol.c(2460): [client 127.0.0.1:55264] AH03155: select protocol from , choices=h2,http/1.1 for server www.example.com
[Sat Apr 26 23:33:14.215434 2025] [authz_core:debug] [pid 28316:tid 1968] mod_authz_core.c(815): [client 127.0.0.1:55263] AH01626: authorization result of Require local : granted
[Sat Apr 26 23:33:14.215434 2025] [authz_core:debug] [pid 28316:tid 1968] mod_authz_core.c(815): [client 127.0.0.1:55263] AH01626: authorization result of <RequireAny>: granted
[Sat Apr 26 23:33:14.217431 2025] [authz_core:debug] [pid 28316:tid 1932] mod_authz_core.c(815): [client 127.0.0.1:55262] AH01626: authorization result of Require local : granted
[Sat Apr 26 23:33:14.217431 2025] [authz_core:debug] [pid 28316:tid 1932] mod_authz_core.c(815): [client 127.0.0.1:55262] AH01626: authorization result of <RequireAny>: granted
[Sat Apr 26 23:33:14.218432 2025] [ssl:info] [pid 28316:tid 1920] [client 127.0.0.1:55266] AH01964: Connection to child 145 established (server www.example.com:443)
[Sat Apr 26 23:33:14.218432 2025] [ssl:info] [pid 28316:tid 1924] [client 127.0.0.1:55265] AH01964: Connection to child 146 established (server www.example.com:443)
[Sat Apr 26 23:33:14.220431 2025] [ssl:debug] [pid 28316:tid 1928] ssl_engine_kernel.c(2254): [client 127.0.0.1:55264] AH02041: Protocol: TLSv1.3, Cipher: TLS_AES_256_GCM_SHA384 (256/256 bits)
[Sat Apr 26 23:33:14.220431 2025] [socache_shmcb:debug] [pid 28316:tid 1928] mod_socache_shmcb.c(508): AH00831: socache_shmcb_store (0xc7 -> subcache 7)
[Sat Apr 26 23:33:14.220431 2025] [socache_shmcb:debug] [pid 28316:tid 1928] mod_socache_shmcb.c(862): AH00847: insert happened at idx=0, data=(0:32)
[Sat Apr 26 23:33:14.220431 2025] [socache_shmcb:debug] [pid 28316:tid 1928] mod_socache_shmcb.c(865): AH00848: finished insert, subcache: idx_pos/idx_used=0/1, data_pos/data_used=0/206
[Sat Apr 26 23:33:14.220431 2025] [socache_shmcb:debug] [pid 28316:tid 1928] mod_socache_shmcb.c(530): AH00834: leaving socache_shmcb_store successfully
[Sat Apr 26 23:33:14.220431 2025] [ssl:debug] [pid 28316:tid 1936] ssl_engine_kernel.c(415): [client 127.0.0.1:55230] AH02034: Subsequent (No.5) HTTPS request received for child 66 (server www.example.com:443)
[Sat Apr 26 23:33:14.220431 2025] [ssl:debug] [pid 28316:tid 1932] ssl_engine_kernel.c(415): [client 127.0.0.1:55262] AH02034: Subsequent (No.4) HTTPS request received for child 16 (server www.example.com:443)
[Sat Apr 26 23:33:14.220431 2025] [ssl:debug] [pid 28316:tid 1968] ssl_engine_kernel.c(415): [client 127.0.0.1:55263] AH02034: Subsequent (No.3) HTTPS request received for child 6 (server www.example.com:443)
[Sat Apr 26 23:33:14.221433 2025] [ssl:debug] [pid 28316:tid 1920] ssl_engine_kernel.c(2403): [client 127.0.0.1:55266] AH02044: No matching SSL virtual host for servername localhost found (using default/first virtual host)
[Sat Apr 26 23:33:14.221433 2025] [core:debug] [pid 28316:tid 1920] protocol.c(2460): [client 127.0.0.1:55266] AH03155: select protocol from , choices=h2,http/1.1 for server www.example.com
[Sat Apr 26 23:33:14.222431 2025] [ssl:debug] [pid 28316:tid 1924] ssl_engine_kernel.c(2403): [client 127.0.0.1:55265] AH02044: No matching SSL virtual host for servername localhost found (using default/first virtual host)
[Sat Apr 26 23:33:14.222431 2025] [core:debug] [pid 28316:tid 1924] protocol.c(2460): [client 127.0.0.1:55265] AH03155: select protocol from , choices=h2,http/1.1 for server www.example.com
[Sat Apr 26 23:33:14.223432 2025] [authz_core:debug] [pid 28316:tid 1932] mod_authz_core.c(815): [client 127.0.0.1:55262] AH01626: authorization result of Require local : granted
[Sat Apr 26 23:33:14.223432 2025] [authz_core:debug] [pid 28316:tid 1932] mod_authz_core.c(815): [client 127.0.0.1:55262] AH01626: authorization result of <RequireAny>: granted
[Sat Apr 26 23:33:14.224432 2025] [authz_core:debug] [pid 28316:tid 1936] mod_authz_core.c(815): [client 127.0.0.1:55230] AH01626: authorization result of Require local : granted
[Sat Apr 26 23:33:14.224432 2025] [authz_core:debug] [pid 28316:tid 1936] mod_authz_core.c(815): [client 127.0.0.1:55230] AH01626: authorization result of <RequireAny>: granted
[Sat Apr 26 23:33:14.224432 2025] [ssl:debug] [pid 28316:tid 1928] ssl_engine_kernel.c(415): [client 127.0.0.1:55264] AH02034: Initial (No.1) HTTPS request received for child 64 (server www.example.com:443)
[Sat Apr 26 23:33:14.224432 2025] [authz_core:debug] [pid 28316:tid 1968] mod_authz_core.c(815): [client 127.0.0.1:55263] AH01626: authorization result of Require local : granted
[Sat Apr 26 23:33:14.224432 2025] [authz_core:debug] [pid 28316:tid 1968] mod_authz_core.c(815): [client 127.0.0.1:55263] AH01626: authorization result of <RequireAny>: granted
[Sat Apr 26 23:33:14.227433 2025] [authz_core:debug] [pid 28316:tid 1928] mod_authz_core.c(815): [client 127.0.0.1:55264] AH01626: authorization result of Require local : granted
[Sat Apr 26 23:33:14.227433 2025] [authz_core:debug] [pid 28316:tid 1928] mod_authz_core.c(815): [client 127.0.0.1:55264] AH01626: authorization result of <RequireAny>: granted
[Sat Apr 26 23:33:14.227433 2025] [ssl:debug] [pid 28316:tid 1924] ssl_engine_kernel.c(2254): [client 127.0.0.1:55265] AH02041: Protocol: TLSv1.3, Cipher: TLS_AES_256_GCM_SHA384 (256/256 bits)
[Sat Apr 26 23:33:14.227433 2025] [socache_shmcb:debug] [pid 28316:tid 1924] mod_socache_shmcb.c(508): AH00831: socache_shmcb_store (0xa5 -> subcache 5)
[Sat Apr 26 23:33:14.227433 2025] [socache_shmcb:debug] [pid 28316:tid 1924] mod_socache_shmcb.c(862): AH00847: insert happened at idx=0, data=(0:32)
[Sat Apr 26 23:33:14.227433 2025] [socache_shmcb:debug] [pid 28316:tid 1924] mod_socache_shmcb.c(865): AH00848: finished insert, subcache: idx_pos/idx_used=0/1, data_pos/data_used=0/205
[Sat Apr 26 23:33:14.227433 2025] [socache_shmcb:debug] [pid 28316:tid 1924] mod_socache_shmcb.c(530): AH00834: leaving socache_shmcb_store successfully
[Sat Apr 26 23:33:14.231833 2025] [ssl:debug] [pid 28316:tid 1936] ssl_engine_kernel.c(415): [client 127.0.0.1:55230] AH02034: Subsequent (No.6) HTTPS request received for child 66 (server www.example.com:443)
[Sat Apr 26 23:33:14.231833 2025] [ssl:debug] [pid 28316:tid 1968] ssl_engine_kernel.c(415): [client 127.0.0.1:55263] AH02034: Subsequent (No.4) HTTPS request received for child 6 (server www.example.com:443)
[Sat Apr 26 23:33:14.232430 2025] [ssl:debug] [pid 28316:tid 1920] ssl_engine_kernel.c(2254): [client 127.0.0.1:55266] AH02041: Protocol: TLSv1.3, Cipher: TLS_AES_256_GCM_SHA384 (256/256 bits)
[Sat Apr 26 23:33:14.232430 2025] [socache_shmcb:debug] [pid 28316:tid 1920] mod_socache_shmcb.c(508): AH00831: socache_shmcb_store (0x70 -> subcache 16)
[Sat Apr 26 23:33:14.232430 2025] [socache_shmcb:debug] [pid 28316:tid 1920] mod_socache_shmcb.c(862): AH00847: insert happened at idx=0, data=(0:32)
[Sat Apr 26 23:33:14.232430 2025] [socache_shmcb:debug] [pid 28316:tid 1920] mod_socache_shmcb.c(865): AH00848: finished insert, subcache: idx_pos/idx_used=0/1, data_pos/data_used=0/205
[Sat Apr 26 23:33:14.232430 2025] [socache_shmcb:debug] [pid 28316:tid 1920] mod_socache_shmcb.c(530): AH00834: leaving socache_shmcb_store successfully
[Sat Apr 26 23:33:14.233431 2025] [socache_shmcb:debug] [pid 28316:tid 1920] mod_socache_shmcb.c(508): AH00831: socache_shmcb_store (0x55 -> subcache 21)
[Sat Apr 26 23:33:14.233431 2025] [socache_shmcb:debug] [pid 28316:tid 1920] mod_socache_shmcb.c(862): AH00847: insert happened at idx=0, data=(0:32)
[Sat Apr 26 23:33:14.233431 2025] [socache_shmcb:debug] [pid 28316:tid 1920] mod_socache_shmcb.c(865): AH00848: finished insert, subcache: idx_pos/idx_used=0/1, data_pos/data_used=0/206
[Sat Apr 26 23:33:14.233431 2025] [socache_shmcb:debug] [pid 28316:tid 1920] mod_socache_shmcb.c(530): AH00834: leaving socache_shmcb_store successfully
[Sat Apr 26 23:33:14.233431 2025] [authz_core:debug] [pid 28316:tid 1936] mod_authz_core.c(815): [client 127.0.0.1:55230] AH01626: authorization result of Require local : granted
[Sat Apr 26 23:33:14.233431 2025] [authz_core:debug] [pid 28316:tid 1936] mod_authz_core.c(815): [client 127.0.0.1:55230] AH01626: authorization result of <RequireAny>: granted
[Sat Apr 26 23:33:14.233431 2025] [ssl:debug] [pid 28316:tid 1920] ssl_engine_kernel.c(415): [client 127.0.0.1:55266] AH02034: Initial (No.1) HTTPS request received for child 145 (server www.example.com:443)
[Sat Apr 26 23:33:14.234431 2025] [authz_core:debug] [pid 28316:tid 1968] mod_authz_core.c(815): [client 127.0.0.1:55263] AH01626: authorization result of Require local : granted
[Sat Apr 26 23:33:14.234431 2025] [authz_core:debug] [pid 28316:tid 1968] mod_authz_core.c(815): [client 127.0.0.1:55263] AH01626: authorization result of <RequireAny>: granted
[Sat Apr 26 23:33:14.235432 2025] [authz_core:debug] [pid 28316:tid 1920] mod_authz_core.c(815): [client 127.0.0.1:55266] AH01626: authorization result of Require local : granted
[Sat Apr 26 23:33:14.235432 2025] [authz_core:debug] [pid 28316:tid 1920] mod_authz_core.c(815): [client 127.0.0.1:55266] AH01626: authorization result of <RequireAny>: granted
[Sat Apr 26 23:33:14.236432 2025] [ssl:debug] [pid 28316:tid 1936] ssl_engine_kernel.c(415): [client 127.0.0.1:55230] AH02034: Subsequent (No.7) HTTPS request received for child 66 (server www.example.com:443)
[Sat Apr 26 23:33:14.237434 2025] [ssl:debug] [pid 28316:tid 1932] ssl_engine_kernel.c(415): [client 127.0.0.1:55262] AH02034: Subsequent (No.5) HTTPS request received for child 16 (server www.example.com:443)
[Sat Apr 26 23:33:14.238431 2025] [ssl:debug] [pid 28316:tid 1968] ssl_engine_kernel.c(415): [client 127.0.0.1:55263] AH02034: Subsequent (No.5) HTTPS request received for child 6 (server www.example.com:443)
[Sat Apr 26 23:33:14.239433 2025] [authz_core:debug] [pid 28316:tid 1936] mod_authz_core.c(815): [client 127.0.0.1:55230] AH01626: authorization result of Require local : granted
[Sat Apr 26 23:33:14.239433 2025] [authz_core:debug] [pid 28316:tid 1936] mod_authz_core.c(815): [client 127.0.0.1:55230] AH01626: authorization result of <RequireAny>: granted
[Sat Apr 26 23:33:14.239433 2025] [authz_core:debug] [pid 28316:tid 1932] mod_authz_core.c(815): [client 127.0.0.1:55262] AH01626: authorization result of Require local : granted
[Sat Apr 26 23:33:14.239433 2025] [authz_core:debug] [pid 28316:tid 1932] mod_authz_core.c(815): [client 127.0.0.1:55262] AH01626: authorization result of <RequireAny>: granted
[Sat Apr 26 23:33:14.241432 2025] [authz_core:debug] [pid 28316:tid 1968] mod_authz_core.c(815): [client 127.0.0.1:55263] AH01626: authorization result of Require local : granted
[Sat Apr 26 23:33:14.241432 2025] [authz_core:debug] [pid 28316:tid 1968] mod_authz_core.c(815): [client 127.0.0.1:55263] AH01626: authorization result of <RequireAny>: granted
[Sat Apr 26 23:33:14.249430 2025] [ssl:debug] [pid 28316:tid 1936] ssl_engine_kernel.c(415): [client 127.0.0.1:55230] AH02034: Subsequent (No.8) HTTPS request received for child 66 (server www.example.com:443)
[Sat Apr 26 23:33:14.249430 2025] [ssl:debug] [pid 28316:tid 1932] ssl_engine_kernel.c(415): [client 127.0.0.1:55262] AH02034: Subsequent (No.6) HTTPS request received for child 16 (server www.example.com:443)
[Sat Apr 26 23:33:14.250432 2025] [ssl:debug] [pid 28316:tid 1968] ssl_engine_kernel.c(415): [client 127.0.0.1:55263] AH02034: Subsequent (No.6) HTTPS request received for child 6 (server www.example.com:443)
[Sat Apr 26 23:33:14.250432 2025] [ssl:debug] [pid 28316:tid 1928] ssl_engine_kernel.c(415): [client 127.0.0.1:55264] AH02034: Subsequent (No.2) HTTPS request received for child 64 (server www.example.com:443)
[Sat Apr 26 23:33:14.251431 2025] [ssl:debug] [pid 28316:tid 1924] ssl_engine_kernel.c(415): [client 127.0.0.1:55265] AH02034: Initial (No.1) HTTPS request received for child 146 (server www.example.com:443)
[Sat Apr 26 23:33:14.251431 2025] [ssl:debug] [pid 28316:tid 1920] ssl_engine_kernel.c(415): [client 127.0.0.1:55266] AH02034: Subsequent (No.2) HTTPS request received for child 145 (server www.example.com:443)
[Sat Apr 26 23:33:14.251431 2025] [authz_core:debug] [pid 28316:tid 1932] mod_authz_core.c(815): [client 127.0.0.1:55262] AH01626: authorization result of Require local : granted
[Sat Apr 26 23:33:14.251431 2025] [authz_core:debug] [pid 28316:tid 1932] mod_authz_core.c(815): [client 127.0.0.1:55262] AH01626: authorization result of <RequireAny>: granted
[Sat Apr 26 23:33:14.252431 2025] [authz_core:debug] [pid 28316:tid 1936] mod_authz_core.c(815): [client 127.0.0.1:55230] AH01626: authorization result of Require local : granted
[Sat Apr 26 23:33:14.252431 2025] [authz_core:debug] [pid 28316:tid 1936] mod_authz_core.c(815): [client 127.0.0.1:55230] AH01626: authorization result of <RequireAny>: granted
[Sat Apr 26 23:33:14.252431 2025] [authz_core:debug] [pid 28316:tid 1968] mod_authz_core.c(815): [client 127.0.0.1:55263] AH01626: authorization result of Require local : granted
[Sat Apr 26 23:33:14.252431 2025] [authz_core:debug] [pid 28316:tid 1968] mod_authz_core.c(815): [client 127.0.0.1:55263] AH01626: authorization result of <RequireAny>: granted
[Sat Apr 26 23:33:14.252431 2025] [authz_core:debug] [pid 28316:tid 1928] mod_authz_core.c(815): [client 127.0.0.1:55264] AH01626: authorization result of Require local : granted
[Sat Apr 26 23:33:14.252431 2025] [authz_core:debug] [pid 28316:tid 1928] mod_authz_core.c(815): [client 127.0.0.1:55264] AH01626: authorization result of <RequireAny>: granted
[Sat Apr 26 23:33:14.253431 2025] [ssl:debug] [pid 28316:tid 1936] ssl_engine_kernel.c(415): [client 127.0.0.1:55230] AH02034: Subsequent (No.9) HTTPS request received for child 66 (server www.example.com:443)
[Sat Apr 26 23:33:14.253431 2025] [authz_core:debug] [pid 28316:tid 1924] mod_authz_core.c(815): [client 127.0.0.1:55265] AH01626: authorization result of Require local : granted
[Sat Apr 26 23:33:14.253431 2025] [authz_core:debug] [pid 28316:tid 1924] mod_authz_core.c(815): [client 127.0.0.1:55265] AH01626: authorization result of <RequireAny>: granted
[Sat Apr 26 23:33:14.253431 2025] [authz_core:debug] [pid 28316:tid 1920] mod_authz_core.c(815): [client 127.0.0.1:55266] AH01626: authorization result of Require local : granted
[Sat Apr 26 23:33:14.253431 2025] [authz_core:debug] [pid 28316:tid 1920] mod_authz_core.c(815): [client 127.0.0.1:55266] AH01626: authorization result of <RequireAny>: granted
[Sat Apr 26 23:33:14.254434 2025] [ssl:debug] [pid 28316:tid 1928] ssl_engine_kernel.c(415): [client 127.0.0.1:55264] AH02034: Subsequent (No.3) HTTPS request received for child 64 (server www.example.com:443)
[Sat Apr 26 23:33:14.255432 2025] [authz_core:debug] [pid 28316:tid 1936] mod_authz_core.c(815): [client 127.0.0.1:55230] AH01626: authorization result of Require local : granted
[Sat Apr 26 23:33:14.255432 2025] [authz_core:debug] [pid 28316:tid 1936] mod_authz_core.c(815): [client 127.0.0.1:55230] AH01626: authorization result of <RequireAny>: granted
[Sat Apr 26 23:33:14.256430 2025] [authz_core:debug] [pid 28316:tid 1928] mod_authz_core.c(815): [client 127.0.0.1:55264] AH01626: authorization result of Require local : granted
[Sat Apr 26 23:33:14.256430 2025] [authz_core:debug] [pid 28316:tid 1928] mod_authz_core.c(815): [client 127.0.0.1:55264] AH01626: authorization result of <RequireAny>: granted
[Sat Apr 26 23:33:14.263431 2025] [ssl:debug] [pid 28316:tid 1936] ssl_engine_kernel.c(415): [client 127.0.0.1:55230] AH02034: Subsequent (No.10) HTTPS request received for child 66 (server www.example.com:443)
[Sat Apr 26 23:33:14.263431 2025] [ssl:debug] [pid 28316:tid 1924] ssl_engine_kernel.c(415): [client 127.0.0.1:55265] AH02034: Subsequent (No.2) HTTPS request received for child 146 (server www.example.com:443)
[Sat Apr 26 23:33:14.264431 2025] [ssl:debug] [pid 28316:tid 1920] ssl_engine_kernel.c(415): [client 127.0.0.1:55266] AH02034: Subsequent (No.3) HTTPS request received for child 145 (server www.example.com:443)
[Sat Apr 26 23:33:14.264431 2025] [ssl:debug] [pid 28316:tid 1968] ssl_engine_kernel.c(415): [client 127.0.0.1:55263] AH02034: Subsequent (No.7) HTTPS request received for child 6 (server www.example.com:443)
[Sat Apr 26 23:33:14.264431 2025] [ssl:debug] [pid 28316:tid 1928] ssl_engine_kernel.c(415): [client 127.0.0.1:55264] AH02034: Subsequent (No.4) HTTPS request received for child 64 (server www.example.com:443)
[Sat Apr 26 23:33:14.266431 2025] [authz_core:debug] [pid 28316:tid 1936] mod_authz_core.c(815): [client 127.0.0.1:55230] AH01626: authorization result of Require local : granted
[Sat Apr 26 23:33:14.266431 2025] [authz_core:debug] [pid 28316:tid 1936] mod_authz_core.c(815): [client 127.0.0.1:55230] AH01626: authorization result of <RequireAny>: granted
[Sat Apr 26 23:33:14.266431 2025] [authz_core:debug] [pid 28316:tid 1924] mod_authz_core.c(815): [client 127.0.0.1:55265] AH01626: authorization result of Require local : granted
[Sat Apr 26 23:33:14.266431 2025] [authz_core:debug] [pid 28316:tid 1924] mod_authz_core.c(815): [client 127.0.0.1:55265] AH01626: authorization result of <RequireAny>: granted
[Sat Apr 26 23:33:14.267431 2025] [authz_core:debug] [pid 28316:tid 1920] mod_authz_core.c(815): [client 127.0.0.1:55266] AH01626: authorization result of Require local : granted
[Sat Apr 26 23:33:14.267431 2025] [ssl:debug] [pid 28316:tid 1924] ssl_engine_kernel.c(415): [client 127.0.0.1:55265] AH02034: Subsequent (No.3) HTTPS request received for child 146 (server www.example.com:443)
[Sat Apr 26 23:33:14.267431 2025] [authz_core:debug] [pid 28316:tid 1920] mod_authz_core.c(815): [client 127.0.0.1:55266] AH01626: authorization result of <RequireAny>: granted
[Sat Apr 26 23:33:14.267431 2025] [ssl:debug] [pid 28316:tid 1936] ssl_engine_kernel.c(415): [client 127.0.0.1:55230] AH02034: Subsequent (No.11) HTTPS request received for child 66 (server www.example.com:443)
[Sat Apr 26 23:33:14.268431 2025] [authz_core:debug] [pid 28316:tid 1968] mod_authz_core.c(815): [client 127.0.0.1:55263] AH01626: authorization result of Require local : granted
[Sat Apr 26 23:33:14.268431 2025] [authz_core:debug] [pid 28316:tid 1968] mod_authz_core.c(815): [client 127.0.0.1:55263] AH01626: authorization result of <RequireAny>: granted
[Sat Apr 26 23:33:14.269432 2025] [authz_core:debug] [pid 28316:tid 1928] mod_authz_core.c(815): [client 127.0.0.1:55264] AH01626: authorization result of Require local : granted
[Sat Apr 26 23:33:14.269432 2025] [authz_core:debug] [pid 28316:tid 1928] mod_authz_core.c(815): [client 127.0.0.1:55264] AH01626: authorization result of <RequireAny>: granted
[Sat Apr 26 23:33:14.270431 2025] [ssl:debug] [pid 28316:tid 1928] ssl_engine_kernel.c(415): [client 127.0.0.1:55264] AH02034: Subsequent (No.5) HTTPS request received for child 64 (server www.example.com:443)
[Sat Apr 26 23:33:14.270431 2025] [ssl:debug] [pid 28316:tid 1968] ssl_engine_kernel.c(415): [client 127.0.0.1:55263] AH02034: Subsequent (No.8) HTTPS request received for child 6 (server www.example.com:443)
[Sat Apr 26 23:33:14.271434 2025] [authz_core:debug] [pid 28316:tid 1936] mod_authz_core.c(815): [client 127.0.0.1:55230] AH01626: authorization result of Require local : granted
[Sat Apr 26 23:33:14.271434 2025] [authz_core:debug] [pid 28316:tid 1936] mod_authz_core.c(815): [client 127.0.0.1:55230] AH01626: authorization result of <RequireAny>: granted
[Sat Apr 26 23:33:14.271434 2025] [authz_core:debug] [pid 28316:tid 1924] mod_authz_core.c(815): [client 127.0.0.1:55265] AH01626: authorization result of Require local : granted
[Sat Apr 26 23:33:14.271434 2025] [authz_core:debug] [pid 28316:tid 1924] mod_authz_core.c(815): [client 127.0.0.1:55265] AH01626: authorization result of <RequireAny>: granted
[Sat Apr 26 23:33:14.272433 2025] [ssl:debug] [pid 28316:tid 1924] ssl_engine_kernel.c(415): [client 127.0.0.1:55265] AH02034: Subsequent (No.4) HTTPS request received for child 146 (server www.example.com:443)
[Sat Apr 26 23:33:14.272433 2025] [authz_core:debug] [pid 28316:tid 1928] mod_authz_core.c(815): [client 127.0.0.1:55264] AH01626: authorization result of Require local : granted
[Sat Apr 26 23:33:14.273436 2025] [authz_core:debug] [pid 28316:tid 1928] mod_authz_core.c(815): [client 127.0.0.1:55264] AH01626: authorization result of <RequireAny>: granted
[Sat Apr 26 23:33:14.272433 2025] [ssl:debug] [pid 28316:tid 1936] ssl_engine_kernel.c(415): [client 127.0.0.1:55230] AH02034: Subsequent (No.12) HTTPS request received for child 66 (server www.example.com:443)
[Sat Apr 26 23:33:14.274431 2025] [authz_core:debug] [pid 28316:tid 1968] mod_authz_core.c(815): [client 127.0.0.1:55263] AH01626: authorization result of Require local : granted
[Sat Apr 26 23:33:14.274431 2025] [authz_core:debug] [pid 28316:tid 1968] mod_authz_core.c(815): [client 127.0.0.1:55263] AH01626: authorization result of <RequireAny>: granted
[Sat Apr 26 23:33:14.274431 2025] [authz_core:debug] [pid 28316:tid 1924] mod_authz_core.c(815): [client 127.0.0.1:55265] AH01626: authorization result of Require local : granted
[Sat Apr 26 23:33:14.274431 2025] [authz_core:debug] [pid 28316:tid 1924] mod_authz_core.c(815): [client 127.0.0.1:55265] AH01626: authorization result of <RequireAny>: granted
[Sat Apr 26 23:33:14.274431 2025] [ssl:debug] [pid 28316:tid 1920] ssl_engine_kernel.c(415): [client 127.0.0.1:55266] AH02034: Subsequent (No.4) HTTPS request received for child 145 (server www.example.com:443)
[Sat Apr 26 23:33:14.275437 2025] [ssl:debug] [pid 28316:tid 1928] ssl_engine_kernel.c(415): [client 127.0.0.1:55264] AH02034: Subsequent (No.6) HTTPS request received for child 64 (server www.example.com:443)
[Sat Apr 26 23:33:14.275437 2025] [ssl:debug] [pid 28316:tid 1968] ssl_engine_kernel.c(415): [client 127.0.0.1:55263] AH02034: Subsequent (No.9) HTTPS request received for child 6 (server www.example.com:443)
[Sat Apr 26 23:33:14.275437 2025] [authz_core:debug] [pid 28316:tid 1936] mod_authz_core.c(815): [client 127.0.0.1:55230] AH01626: authorization result of Require local : granted
[Sat Apr 26 23:33:14.275437 2025] [authz_core:debug] [pid 28316:tid 1936] mod_authz_core.c(815): [client 127.0.0.1:55230] AH01626: authorization result of <RequireAny>: granted
[Sat Apr 26 23:33:14.276436 2025] [authz_core:debug] [pid 28316:tid 1920] mod_authz_core.c(815): [client 127.0.0.1:55266] AH01626: authorization result of Require local : granted
[Sat Apr 26 23:33:14.276436 2025] [authz_core:debug] [pid 28316:tid 1920] mod_authz_core.c(815): [client 127.0.0.1:55266] AH01626: authorization result of <RequireAny>: granted
[Sat Apr 26 23:33:14.277435 2025] [authz_core:debug] [pid 28316:tid 1928] mod_authz_core.c(815): [client 127.0.0.1:55264] AH01626: authorization result of Require local : granted
[Sat Apr 26 23:33:14.277435 2025] [authz_core:debug] [pid 28316:tid 1928] mod_authz_core.c(815): [client 127.0.0.1:55264] AH01626: authorization result of <RequireAny>: granted
[Sat Apr 26 23:33:14.277435 2025] [authz_core:debug] [pid 28316:tid 1968] mod_authz_core.c(815): [client 127.0.0.1:55263] AH01626: authorization result of Require local : granted
[Sat Apr 26 23:33:14.277435 2025] [authz_core:debug] [pid 28316:tid 1968] mod_authz_core.c(815): [client 127.0.0.1:55263] AH01626: authorization result of <RequireAny>: granted
[Sat Apr 26 23:33:14.587738 2025] [ssl:debug] [pid 28316:tid 1920] ssl_engine_kernel.c(415): [client 127.0.0.1:55266] AH02034: Subsequent (No.5) HTTPS request received for child 145 (server www.example.com:443)
[Sat Apr 26 23:33:14.587738 2025] [ssl:debug] [pid 28316:tid 1936] ssl_engine_kernel.c(415): [client 127.0.0.1:55230] AH02034: Subsequent (No.13) HTTPS request received for child 66 (server www.example.com:443)
[Sat Apr 26 23:33:14.589731 2025] [authz_core:debug] [pid 28316:tid 1936] mod_authz_core.c(815): [client 127.0.0.1:55230] AH01626: authorization result of Require local : granted
[Sat Apr 26 23:33:14.589731 2025] [authz_core:debug] [pid 28316:tid 1936] mod_authz_core.c(815): [client 127.0.0.1:55230] AH01626: authorization result of <RequireAny>: granted
[Sat Apr 26 23:33:14.590731 2025] [authz_core:debug] [pid 28316:tid 1920] mod_authz_core.c(815): [client 127.0.0.1:55266] AH01626: authorization result of Require local : granted
[Sat Apr 26 23:33:14.590731 2025] [authz_core:debug] [pid 28316:tid 1920] mod_authz_core.c(815): [client 127.0.0.1:55266] AH01626: authorization result of <RequireAny>: granted
[Sat Apr 26 23:33:15.204962 2025] [ssl:debug] [pid 28316:tid 1920] ssl_engine_kernel.c(415): [client 127.0.0.1:55266] AH02034: Subsequent (No.6) HTTPS request received for child 145 (server www.example.com:443), referer: https://localhost/phpmyadmin/themes/pmahomme/css/theme.css?v=5.2.1
[Sat Apr 26 23:33:15.205964 2025] [ssl:debug] [pid 28316:tid 1936] ssl_engine_kernel.c(415): [client 127.0.0.1:55230] AH02034: Subsequent (No.14) HTTPS request received for child 66 (server www.example.com:443), referer: https://localhost/phpmyadmin/themes/pmahomme/css/theme.css?v=5.2.1
[Sat Apr 26 23:33:15.205964 2025] [ssl:debug] [pid 28316:tid 1932] ssl_engine_kernel.c(415): [client 127.0.0.1:55262] AH02034: Subsequent (No.7) HTTPS request received for child 16 (server www.example.com:443), referer: https://localhost/phpmyadmin/themes/pmahomme/css/theme.css?v=5.2.1
[Sat Apr 26 23:33:15.206965 2025] [ssl:debug] [pid 28316:tid 1924] ssl_engine_kernel.c(415): [client 127.0.0.1:55265] AH02034: Subsequent (No.5) HTTPS request received for child 146 (server www.example.com:443), referer: https://localhost/phpmyadmin/themes/pmahomme/css/theme.css?v=5.2.1
[Sat Apr 26 23:33:15.206965 2025] [ssl:debug] [pid 28316:tid 1968] ssl_engine_kernel.c(415): [client 127.0.0.1:55263] AH02034: Subsequent (No.10) HTTPS request received for child 6 (server www.example.com:443), referer: https://localhost/phpmyadmin/themes/pmahomme/css/theme.css?v=5.2.1
[Sat Apr 26 23:33:15.206965 2025] [ssl:debug] [pid 28316:tid 1928] ssl_engine_kernel.c(415): [client 127.0.0.1:55264] AH02034: Subsequent (No.7) HTTPS request received for child 64 (server www.example.com:443), referer: https://localhost/phpmyadmin/themes/pmahomme/css/theme.css?v=5.2.1
[Sat Apr 26 23:33:15.207963 2025] [authz_core:debug] [pid 28316:tid 1920] mod_authz_core.c(815): [client 127.0.0.1:55266] AH01626: authorization result of Require local : granted, referer: https://localhost/phpmyadmin/themes/pmahomme/css/theme.css?v=5.2.1
[Sat Apr 26 23:33:15.207963 2025] [authz_core:debug] [pid 28316:tid 1920] mod_authz_core.c(815): [client 127.0.0.1:55266] AH01626: authorization result of <RequireAny>: granted, referer: https://localhost/phpmyadmin/themes/pmahomme/css/theme.css?v=5.2.1
[Sat Apr 26 23:33:15.208969 2025] [authz_core:debug] [pid 28316:tid 1936] mod_authz_core.c(815): [client 127.0.0.1:55230] AH01626: authorization result of Require local : granted, referer: https://localhost/phpmyadmin/themes/pmahomme/css/theme.css?v=5.2.1
[Sat Apr 26 23:33:15.208969 2025] [authz_core:debug] [pid 28316:tid 1936] mod_authz_core.c(815): [client 127.0.0.1:55230] AH01626: authorization result of <RequireAny>: granted, referer: https://localhost/phpmyadmin/themes/pmahomme/css/theme.css?v=5.2.1
[Sat Apr 26 23:33:15.208969 2025] [authz_core:debug] [pid 28316:tid 1932] mod_authz_core.c(815): [client 127.0.0.1:55262] AH01626: authorization result of Require local : granted, referer: https://localhost/phpmyadmin/themes/pmahomme/css/theme.css?v=5.2.1
[Sat Apr 26 23:33:15.208969 2025] [authz_core:debug] [pid 28316:tid 1932] mod_authz_core.c(815): [client 127.0.0.1:55262] AH01626: authorization result of <RequireAny>: granted, referer: https://localhost/phpmyadmin/themes/pmahomme/css/theme.css?v=5.2.1
[Sat Apr 26 23:33:15.209967 2025] [authz_core:debug] [pid 28316:tid 1924] mod_authz_core.c(815): [client 127.0.0.1:55265] AH01626: authorization result of Require local : granted, referer: https://localhost/phpmyadmin/themes/pmahomme/css/theme.css?v=5.2.1
[Sat Apr 26 23:33:15.209967 2025] [authz_core:debug] [pid 28316:tid 1924] mod_authz_core.c(815): [client 127.0.0.1:55265] AH01626: authorization result of <RequireAny>: granted, referer: https://localhost/phpmyadmin/themes/pmahomme/css/theme.css?v=5.2.1
[Sat Apr 26 23:33:15.209967 2025] [ssl:debug] [pid 28316:tid 1920] ssl_engine_kernel.c(415): [client 127.0.0.1:55266] AH02034: Subsequent (No.7) HTTPS request received for child 145 (server www.example.com:443), referer: https://localhost/phpmyadmin/themes/pmahomme/css/theme.css?v=5.2.1
[Sat Apr 26 23:33:15.209967 2025] [authz_core:debug] [pid 28316:tid 1968] mod_authz_core.c(815): [client 127.0.0.1:55263] AH01626: authorization result of Require local : granted, referer: https://localhost/phpmyadmin/themes/pmahomme/css/theme.css?v=5.2.1
[Sat Apr 26 23:33:15.209967 2025] [authz_core:debug] [pid 28316:tid 1968] mod_authz_core.c(815): [client 127.0.0.1:55263] AH01626: authorization result of <RequireAny>: granted, referer: https://localhost/phpmyadmin/themes/pmahomme/css/theme.css?v=5.2.1
[Sat Apr 26 23:33:15.210972 2025] [ssl:debug] [pid 28316:tid 1936] ssl_engine_kernel.c(415): [client 127.0.0.1:55230] AH02034: Subsequent (No.15) HTTPS request received for child 66 (server www.example.com:443), referer: https://localhost/phpmyadmin/themes/pmahomme/css/theme.css?v=5.2.1
[Sat Apr 26 23:33:15.210972 2025] [authz_core:debug] [pid 28316:tid 1928] mod_authz_core.c(815): [client 127.0.0.1:55264] AH01626: authorization result of Require local : granted, referer: https://localhost/phpmyadmin/themes/pmahomme/css/theme.css?v=5.2.1
[Sat Apr 26 23:33:15.210972 2025] [authz_core:debug] [pid 28316:tid 1928] mod_authz_core.c(815): [client 127.0.0.1:55264] AH01626: authorization result of <RequireAny>: granted, referer: https://localhost/phpmyadmin/themes/pmahomme/css/theme.css?v=5.2.1
[Sat Apr 26 23:33:15.210972 2025] [ssl:debug] [pid 28316:tid 1932] ssl_engine_kernel.c(415): [client 127.0.0.1:55262] AH02034: Subsequent (No.8) HTTPS request received for child 16 (server www.example.com:443), referer: https://localhost/phpmyadmin/themes/pmahomme/css/theme.css?v=5.2.1
[Sat Apr 26 23:33:15.211966 2025] [ssl:debug] [pid 28316:tid 1968] ssl_engine_kernel.c(415): [client 127.0.0.1:55263] AH02034: Subsequent (No.11) HTTPS request received for child 6 (server www.example.com:443), referer: https://localhost/phpmyadmin/themes/pmahomme/css/theme.css?v=5.2.1
[Sat Apr 26 23:33:15.211966 2025] [ssl:debug] [pid 28316:tid 1924] ssl_engine_kernel.c(415): [client 127.0.0.1:55265] AH02034: Subsequent (No.6) HTTPS request received for child 146 (server www.example.com:443), referer: https://localhost/phpmyadmin/themes/pmahomme/css/theme.css?v=5.2.1
[Sat Apr 26 23:33:15.211966 2025] [ssl:debug] [pid 28316:tid 1928] ssl_engine_kernel.c(415): [client 127.0.0.1:55264] AH02034: Subsequent (No.8) HTTPS request received for child 64 (server www.example.com:443), referer: https://localhost/phpmyadmin/themes/pmahomme/css/theme.css?v=5.2.1
[Sat Apr 26 23:33:15.213476 2025] [authz_core:debug] [pid 28316:tid 1920] mod_authz_core.c(815): [client 127.0.0.1:55266] AH01626: authorization result of Require local : granted, referer: https://localhost/phpmyadmin/themes/pmahomme/css/theme.css?v=5.2.1
[Sat Apr 26 23:33:15.213476 2025] [authz_core:debug] [pid 28316:tid 1920] mod_authz_core.c(815): [client 127.0.0.1:55266] AH01626: authorization result of <RequireAny>: granted, referer: https://localhost/phpmyadmin/themes/pmahomme/css/theme.css?v=5.2.1
[Sat Apr 26 23:33:15.213476 2025] [authz_core:debug] [pid 28316:tid 1936] mod_authz_core.c(815): [client 127.0.0.1:55230] AH01626: authorization result of Require local : granted, referer: https://localhost/phpmyadmin/themes/pmahomme/css/theme.css?v=5.2.1
[Sat Apr 26 23:33:15.213476 2025] [authz_core:debug] [pid 28316:tid 1936] mod_authz_core.c(815): [client 127.0.0.1:55230] AH01626: authorization result of <RequireAny>: granted, referer: https://localhost/phpmyadmin/themes/pmahomme/css/theme.css?v=5.2.1
[Sat Apr 26 23:33:15.214489 2025] [authz_core:debug] [pid 28316:tid 1968] mod_authz_core.c(815): [client 127.0.0.1:55263] AH01626: authorization result of Require local : granted, referer: https://localhost/phpmyadmin/themes/pmahomme/css/theme.css?v=5.2.1
[Sat Apr 26 23:33:15.214489 2025] [authz_core:debug] [pid 28316:tid 1968] mod_authz_core.c(815): [client 127.0.0.1:55263] AH01626: authorization result of <RequireAny>: granted, referer: https://localhost/phpmyadmin/themes/pmahomme/css/theme.css?v=5.2.1
[Sat Apr 26 23:33:15.214489 2025] [ssl:debug] [pid 28316:tid 1920] ssl_engine_kernel.c(415): [client 127.0.0.1:55266] AH02034: Subsequent (No.8) HTTPS request received for child 145 (server www.example.com:443), referer: https://localhost/phpmyadmin/themes/pmahomme/css/theme.css?v=5.2.1
[Sat Apr 26 23:33:15.214489 2025] [ssl:debug] [pid 28316:tid 1936] ssl_engine_kernel.c(415): [client 127.0.0.1:55230] AH02034: Subsequent (No.16) HTTPS request received for child 66 (server www.example.com:443), referer: https://localhost/phpmyadmin/themes/pmahomme/css/theme.css?v=5.2.1
[Sat Apr 26 23:33:15.215488 2025] [authz_core:debug] [pid 28316:tid 1932] mod_authz_core.c(815): [client 127.0.0.1:55262] AH01626: authorization result of Require local : granted, referer: https://localhost/phpmyadmin/themes/pmahomme/css/theme.css?v=5.2.1
[Sat Apr 26 23:33:15.215488 2025] [authz_core:debug] [pid 28316:tid 1932] mod_authz_core.c(815): [client 127.0.0.1:55262] AH01626: authorization result of <RequireAny>: granted, referer: https://localhost/phpmyadmin/themes/pmahomme/css/theme.css?v=5.2.1
[Sat Apr 26 23:33:15.215488 2025] [authz_core:debug] [pid 28316:tid 1924] mod_authz_core.c(815): [client 127.0.0.1:55265] AH01626: authorization result of Require local : granted, referer: https://localhost/phpmyadmin/themes/pmahomme/css/theme.css?v=5.2.1
[Sat Apr 26 23:33:15.215488 2025] [authz_core:debug] [pid 28316:tid 1924] mod_authz_core.c(815): [client 127.0.0.1:55265] AH01626: authorization result of <RequireAny>: granted, referer: https://localhost/phpmyadmin/themes/pmahomme/css/theme.css?v=5.2.1
[Sat Apr 26 23:33:15.215488 2025] [authz_core:debug] [pid 28316:tid 1928] mod_authz_core.c(815): [client 127.0.0.1:55264] AH01626: authorization result of Require local : granted, referer: https://localhost/phpmyadmin/themes/pmahomme/css/theme.css?v=5.2.1
[Sat Apr 26 23:33:15.215488 2025] [authz_core:debug] [pid 28316:tid 1928] mod_authz_core.c(815): [client 127.0.0.1:55264] AH01626: authorization result of <RequireAny>: granted, referer: https://localhost/phpmyadmin/themes/pmahomme/css/theme.css?v=5.2.1
[Sat Apr 26 23:33:15.215488 2025] [ssl:debug] [pid 28316:tid 1968] ssl_engine_kernel.c(415): [client 127.0.0.1:55263] AH02034: Subsequent (No.12) HTTPS request received for child 6 (server www.example.com:443), referer: https://localhost/phpmyadmin/themes/pmahomme/css/theme.css?v=5.2.1
[Sat Apr 26 23:33:15.216488 2025] [ssl:debug] [pid 28316:tid 1924] ssl_engine_kernel.c(415): [client 127.0.0.1:55265] AH02034: Subsequent (No.7) HTTPS request received for child 146 (server www.example.com:443), referer: https://localhost/phpmyadmin/themes/pmahomme/css/theme.css?v=5.2.1
[Sat Apr 26 23:33:15.216488 2025] [ssl:debug] [pid 28316:tid 1932] ssl_engine_kernel.c(415): [client 127.0.0.1:55262] AH02034: Subsequent (No.9) HTTPS request received for child 16 (server www.example.com:443), referer: https://localhost/phpmyadmin/themes/pmahomme/css/theme.css?v=5.2.1
[Sat Apr 26 23:33:15.217490 2025] [ssl:debug] [pid 28316:tid 1928] ssl_engine_kernel.c(415): [client 127.0.0.1:55264] AH02034: Subsequent (No.9) HTTPS request received for child 64 (server www.example.com:443), referer: https://localhost/phpmyadmin/themes/pmahomme/css/theme.css?v=5.2.1
[Sat Apr 26 23:33:15.220493 2025] [authz_core:debug] [pid 28316:tid 1968] mod_authz_core.c(815): [client 127.0.0.1:55263] AH01626: authorization result of Require local : granted, referer: https://localhost/phpmyadmin/themes/pmahomme/css/theme.css?v=5.2.1
[Sat Apr 26 23:33:15.220493 2025] [authz_core:debug] [pid 28316:tid 1968] mod_authz_core.c(815): [client 127.0.0.1:55263] AH01626: authorization result of <RequireAny>: granted, referer: https://localhost/phpmyadmin/themes/pmahomme/css/theme.css?v=5.2.1
[Sat Apr 26 23:33:15.220493 2025] [authz_core:debug] [pid 28316:tid 1920] mod_authz_core.c(815): [client 127.0.0.1:55266] AH01626: authorization result of Require local : granted, referer: https://localhost/phpmyadmin/themes/pmahomme/css/theme.css?v=5.2.1
[Sat Apr 26 23:33:15.221497 2025] [authz_core:debug] [pid 28316:tid 1920] mod_authz_core.c(815): [client 127.0.0.1:55266] AH01626: authorization result of <RequireAny>: granted, referer: https://localhost/phpmyadmin/themes/pmahomme/css/theme.css?v=5.2.1
[Sat Apr 26 23:33:15.221497 2025] [authz_core:debug] [pid 28316:tid 1936] mod_authz_core.c(815): [client 127.0.0.1:55230] AH01626: authorization result of Require local : granted, referer: https://localhost/phpmyadmin/themes/pmahomme/css/theme.css?v=5.2.1
[Sat Apr 26 23:33:15.221497 2025] [authz_core:debug] [pid 28316:tid 1936] mod_authz_core.c(815): [client 127.0.0.1:55230] AH01626: authorization result of <RequireAny>: granted, referer: https://localhost/phpmyadmin/themes/pmahomme/css/theme.css?v=5.2.1
[Sat Apr 26 23:33:15.224490 2025] [authz_core:debug] [pid 28316:tid 1928] mod_authz_core.c(815): [client 127.0.0.1:55264] AH01626: authorization result of Require local : granted, referer: https://localhost/phpmyadmin/themes/pmahomme/css/theme.css?v=5.2.1
[Sat Apr 26 23:33:15.225487 2025] [authz_core:debug] [pid 28316:tid 1928] mod_authz_core.c(815): [client 127.0.0.1:55264] AH01626: authorization result of <RequireAny>: granted, referer: https://localhost/phpmyadmin/themes/pmahomme/css/theme.css?v=5.2.1
[Sat Apr 26 23:33:15.225487 2025] [ssl:debug] [pid 28316:tid 1968] ssl_engine_kernel.c(415): [client 127.0.0.1:55263] AH02034: Subsequent (No.13) HTTPS request received for child 6 (server www.example.com:443), referer: https://localhost/phpmyadmin/themes/pmahomme/css/theme.css?v=5.2.1
[Sat Apr 26 23:33:15.225487 2025] [authz_core:debug] [pid 28316:tid 1924] mod_authz_core.c(815): [client 127.0.0.1:55265] AH01626: authorization result of Require local : granted, referer: https://localhost/phpmyadmin/themes/pmahomme/css/theme.css?v=5.2.1
[Sat Apr 26 23:33:15.225487 2025] [authz_core:debug] [pid 28316:tid 1924] mod_authz_core.c(815): [client 127.0.0.1:55265] AH01626: authorization result of <RequireAny>: granted, referer: https://localhost/phpmyadmin/themes/pmahomme/css/theme.css?v=5.2.1
[Sat Apr 26 23:33:15.226494 2025] [authz_core:debug] [pid 28316:tid 1932] mod_authz_core.c(815): [client 127.0.0.1:55262] AH01626: authorization result of Require local : granted, referer: https://localhost/phpmyadmin/themes/pmahomme/css/theme.css?v=5.2.1
[Sat Apr 26 23:33:15.226494 2025] [authz_core:debug] [pid 28316:tid 1932] mod_authz_core.c(815): [client 127.0.0.1:55262] AH01626: authorization result of <RequireAny>: granted, referer: https://localhost/phpmyadmin/themes/pmahomme/css/theme.css?v=5.2.1
